Component: ARM Compiler 5.06 update 6 (build 750) Tool: armlink [4d35ed]

==============================================================================

Section Cross References

    startup_stm32f405xx.o(STACK) refers (Special) to heapauxi.o(.text) for __use_two_region_memory
    startup_stm32f405xx.o(HEAP) refers (Special) to heapauxi.o(.text) for __use_two_region_memory
    startup_stm32f405xx.o(RESET) refers (Special) to heapauxi.o(.text) for __use_two_region_memory
    startup_stm32f405xx.o(RESET) refers to startup_stm32f405xx.o(STACK) for __initial_sp
    startup_stm32f405xx.o(RESET) refers to startup_stm32f405xx.o(.text) for Reset_Handler
    startup_stm32f405xx.o(RESET) refers to stm32f4xx_it.o(i.NMI_Handler) for NMI_Handler
    startup_stm32f405xx.o(RESET) refers to stm32f4xx_it.o(i.HardFault_Handler) for HardFault_Handler
    startup_stm32f405xx.o(RESET) refers to stm32f4xx_it.o(i.MemManage_Handler) for MemManage_Handler
    startup_stm32f405xx.o(RESET) refers to stm32f4xx_it.o(i.BusFault_Handler) for BusFault_Handler
    startup_stm32f405xx.o(RESET) refers to stm32f4xx_it.o(i.UsageFault_Handler) for UsageFault_Handler
    startup_stm32f405xx.o(RESET) refers to port.o(.emb_text) for SVC_Handler
    startup_stm32f405xx.o(RESET) refers to stm32f4xx_it.o(i.DebugMon_Handler) for DebugMon_Handler
    startup_stm32f405xx.o(RESET) refers to cmsis_os2.o(i.SysTick_Handler) for SysTick_Handler
    startup_stm32f405xx.o(RESET) refers to stm32f4xx_it.o(i.CAN1_TX_IRQHandler) for CAN1_TX_IRQHandler
    startup_stm32f405xx.o(RESET) refers to stm32f4xx_it.o(i.CAN1_RX0_IRQHandler) for CAN1_RX0_IRQHandler
    startup_stm32f405xx.o(RESET) refers to stm32f4xx_it.o(i.CAN1_RX1_IRQHandler) for CAN1_RX1_IRQHandler
    startup_stm32f405xx.o(RESET) refers to stm32f4xx_it.o(i.TIM1_UP_TIM10_IRQHandler) for TIM1_UP_TIM10_IRQHandler
    startup_stm32f405xx.o(RESET) refers to stm32f4xx_it.o(i.TIM2_IRQHandler) for TIM2_IRQHandler
    startup_stm32f405xx.o(RESET) refers to stm32f4xx_it.o(i.TIM3_IRQHandler) for TIM3_IRQHandler
    startup_stm32f405xx.o(RESET) refers to stm32f4xx_it.o(i.USART2_IRQHandler) for USART2_IRQHandler
    startup_stm32f405xx.o(RESET) refers to stm32f4xx_it.o(i.CAN2_TX_IRQHandler) for CAN2_TX_IRQHandler
    startup_stm32f405xx.o(RESET) refers to stm32f4xx_it.o(i.CAN2_RX0_IRQHandler) for CAN2_RX0_IRQHandler
    startup_stm32f405xx.o(RESET) refers to stm32f4xx_it.o(i.CAN2_RX1_IRQHandler) for CAN2_RX1_IRQHandler
    startup_stm32f405xx.o(.text) refers (Special) to heapauxi.o(.text) for __use_two_region_memory
    startup_stm32f405xx.o(.text) refers to system_stm32f4xx.o(i.SystemInit) for SystemInit
    startup_stm32f405xx.o(.text) refers to __main.o(!!!main) for __main
    startup_stm32f405xx.o(.text) refers to startup_stm32f405xx.o(HEAP) for Heap_Mem
    startup_stm32f405xx.o(.text) refers to startup_stm32f405xx.o(STACK) for Stack_Mem
    zdrive.o(i.CAN_Queue_Pop) refers to rt_memcpy_w.o(.text) for __aeabi_memcpy4
    zdrive.o(i.CAN_Queue_Pop) refers to stm32f4xx_hal_can.o(i.HAL_CAN_AddTxMessage) for HAL_CAN_AddTxMessage
    zdrive.o(i.CAN_Queue_Pop) refers to can.o(.bss) for hcan1
    zdrive.o(i.CAN_Queue_Push) refers to zdrive.o(i.Change_ArrayByte) for Change_ArrayByte
    zdrive.o(i.CAN_Queue_Push) refers to rt_memcpy_w.o(.text) for __aeabi_memcpy4
    zdrive.o(i.CanCommand) refers to rt_memcpy_v6.o(.text) for __aeabi_memcpy
    zdrive.o(i.ZDrive_Ask) refers to zdrive.o(i.CanCommand) for CanCommand
    zdrive.o(i.ZDrive_Ask) refers to zdrive.o(i.CAN_Queue_Push) for CAN_Queue_Push
    zdrive.o(i.ZDrive_Ask) refers to zdrive.o(.bss) for ZDrive_Queue
    zdrive.o(i.ZDrive_Func) refers to zdrive.o(i.ZDrive_Set) for ZDrive_Set
    zdrive.o(i.ZDrive_Func) refers to zdrive.o(i.ZDrive_Ask) for ZDrive_Ask
    zdrive.o(i.ZDrive_Func) refers to zdrive.o(.bss) for ZDrive
    zdrive.o(i.ZDrive_Init) refers to stm32f4xx_hal.o(i.HAL_Delay) for HAL_Delay
    zdrive.o(i.ZDrive_Init) refers to zdrive.o(i.ZDrive_Set) for ZDrive_Set
    zdrive.o(i.ZDrive_Init) refers to zdrive.o(i.ZDrive_Ask) for ZDrive_Ask
    zdrive.o(i.ZDrive_Init) refers to zdrive.o(.bss) for ZDrive
    zdrive.o(i.ZDrive_ReceiveHandler) refers to zdrive.o(.bss) for ZDrive
    zdrive.o(i.ZDrive_Set) refers to zdrive.o(i.CanCommand) for CanCommand
    zdrive.o(i.ZDrive_Set) refers to zdrive.o(i.CAN_Queue_Push) for CAN_Queue_Push
    zdrive.o(i.ZDrive_Set) refers to zdrive.o(.bss) for ZDrive_Queue
    mathfun.o(i.buffer_16_to_float) refers to mathfun.o(i.get_s16_from_buffer) for get_s16_from_buffer
    mathfun.o(i.buffer_32_to_float) refers to mathfun.o(i.get_s32_from_buffer) for get_s32_from_buffer
    valve.o(i.CLK_reset) refers to stm32f4xx_hal_gpio.o(i.HAL_GPIO_WritePin) for HAL_GPIO_WritePin
    valve.o(i.CLK_set) refers to stm32f4xx_hal_gpio.o(i.HAL_GPIO_WritePin) for HAL_GPIO_WritePin
    valve.o(i.SI_reset) refers to stm32f4xx_hal_gpio.o(i.HAL_GPIO_WritePin) for HAL_GPIO_WritePin
[...]
    prvTimerTask                             0x080049e5   Thumb Code    26  timers.o(i.prvTimerTask)
    i.prvUnlockQueue                         0x080049fe   Section        0  queue.o(i.prvUnlockQueue)
    prvUnlockQueue                           0x080049ff   Thumb Code   126  queue.o(i.prvUnlockQueue)
    i.pvPortMalloc                           0x08004a7c   Section        0  heap_4.o(i.pvPortMalloc)
    i.pxPortInitialiseStack                  0x08004bd0   Section        0  port.o(i.pxPortInitialiseStack)
    i.radiotube                              0x08004bfc   Section        0  valve.o(i.radiotube)
    i.uxListRemove                           0x08004c54   Section        0  list.o(i.uxListRemove)
    i.vApplicationGetIdleTaskMemory          0x08004c7c   Section        0  cmsis_os2.o(i.vApplicationGetIdleTaskMemory)
    i.vApplicationGetTimerTaskMemory         0x08004c94   Section        0  cmsis_os2.o(i.vApplicationGetTimerTaskMemory)
    i.vApplicationMallocFailedHook           0x08004cac   Section        0  freertos.o(i.vApplicationMallocFailedHook)
    i.vApplicationStackOverflowHook          0x08004cae   Section        0  freertos.o(i.vApplicationStackOverflowHook)
    i.vListInitialise                        0x08004cb0   Section        0  list.o(i.vListInitialise)
    i.vListInitialiseItem                    0x08004cca   Section        0  list.o(i.vListInitialiseItem)
    i.vListInsert                            0x08004cd0   Section        0  list.o(i.vListInsert)
    i.vListInsertEnd                         0x08004d04   Section        0  list.o(i.vListInsertEnd)
    i.vPortEnterCritical                     0x08004d1c   Section        0  port.o(i.vPortEnterCritical)
    i.vPortExitCritical                      0x08004d70   Section        0  port.o(i.vPortExitCritical)
    i.vPortFree                              0x08004dac   Section        0  heap_4.o(i.vPortFree)
    i.vPortSetupTimerInterrupt               0x08004e50   Section        0  port.o(i.vPortSetupTimerInterrupt)
    i.vPortValidateInterruptPriority         0x08004e78   Section        0  port.o(i.vPortValidateInterruptPriority)
    i.vQueueAddToRegistry                    0x08004ef0   Section        0  queue.o(i.vQueueAddToRegistry)
    i.vQueueWaitForMessageRestricted         0x08004f1c   Section        0  queue.o(i.vQueueWaitForMessageRestricted)
    i.vTaskDelay                             0x08004f68   Section        0  tasks.o(i.vTaskDelay)
    i.vTaskInternalSetTimeOutState           0x08004fc4   Section        0  tasks.o(i.vTaskInternalSetTimeOutState)
    i.vTaskMissedYield                       0x08004fdc   Section        0  tasks.o(i.vTaskMissedYield)
    i.vTaskPlaceOnEventList                  0x08004fe8   Section        0  tasks.o(i.vTaskPlaceOnEventList)
    i.vTaskPlaceOnEventListRestricted        0x08005020   Section        0  tasks.o(i.vTaskPlaceOnEventListRestricted)
    i.vTaskStartScheduler                    0x08005060   Section        0  tasks.o(i.vTaskStartScheduler)
    i.vTaskSuspendAll                        0x08005118   Section        0  tasks.o(i.vTaskSuspendAll)
    i.vTaskSwitchContext                     0x08005128   Section        0  tasks.o(i.vTaskSwitchContext)
    i.xPortStartScheduler                    0x080051f0   Section        0  port.o(i.xPortStartScheduler)
    i.xPortSysTickHandler                    0x08005358   Section        0  port.o(i.xPortSysTickHandler)
    i.xQueueGenericCreateStatic              0x0800538c   Section        0  queue.o(i.xQueueGenericCreateStatic)
    i.xQueueGenericReset                     0x0800546c   Section        0  queue.o(i.xQueueGenericReset)
    i.xQueueGenericSend                      0x08005504   Section        0  queue.o(i.xQueueGenericSend)
    i.xQueueGenericSendFromISR               0x080056ac   Section        0  queue.o(i.xQueueGenericSendFromISR)
    i.xQueueReceive                          0x080057a8   Section        0  queue.o(i.xQueueReceive)
    i.xTaskCheckForTimeOut                   0x08005910   Section        0  tasks.o(i.xTaskCheckForTimeOut)
    i.xTaskCreate                            0x0800599c   Section        0  tasks.o(i.xTaskCreate)
    i.xTaskCreateStatic                      0x08005a00   Section        0  tasks.o(i.xTaskCreateStatic)
    i.xTaskGetSchedulerState                 0x08005abc   Section        0  tasks.o(i.xTaskGetSchedulerState)
    i.xTaskGetTickCount                      0x08005adc   Section        0  tasks.o(i.xTaskGetTickCount)
    i.xTaskIncrementTick                     0x08005ae8   Section        0  tasks.o(i.xTaskIncrementTick)
    i.xTaskPriorityDisinherit                0x08005c2c   Section        0  tasks.o(i.xTaskPriorityDisinherit)
    i.xTaskRemoveFromEventList               0x08005cd0   Section        0  tasks.o(i.xTaskRemoveFromEventList)
    i.xTaskResumeAll                         0x08005d68   Section        0  tasks.o(i.xTaskResumeAll)
    i.xTimerCreateTimerTask                  0x08005e6c   Section        0  timers.o(i.xTimerCreateTimerTask)
    i.xTimerGenericCommand                   0x08005ee4   Section        0  timers.o(i.xTimerGenericCommand)
    x$fpl$fpinit                             0x08005f68   Section       10  fpinit.o(x$fpl$fpinit)
    $v0                                      0x08005f68   Number         0  fpinit.o(x$fpl$fpinit)
    .constdata                               0x08005f74   Section      132  freertos.o(.constdata)
    .constdata                               0x08005ff8   Section       24  system_stm32f4xx.o(.constdata)
    .conststring                             0x08006010   Section       36  freertos.o(.conststring)
    .data                                    0x20000000   Section       18  zdrive.o(.data)
    .data                                    0x20000012   Section        1  main.o(.data)
    .data                                    0x20000014   Section       24  freertos.o(.data)
    .data                                    0x2000002c   Section        4  can.o(.data)
    HAL_RCC_CAN1_CLK_ENABLED                 0x2000002c   Data           4  can.o(.data)
    .data                                    0x20000030   Section        9  stm32f4xx_hal.o(.data)
    .data                                    0x2000003c   Section        4  system_stm32f4xx.o(.data)
    .data                                    0x20000040   Section       60  tasks.o(.data)
    pxDelayedTaskList                        0x20000044   Data           4  tasks.o(.data)
    pxOverflowDelayedTaskList                0x20000048   Data           4  tasks.o(.data)
    uxDeletedTasksWaitingCleanUp             0x2000004c   Data           4  tasks.o(.data)
    uxCurrentNumberOfTasks                   0x20000050   Data           4  tasks.o(.data)
    xTickCount                               0x20000054   Data           4  tasks.o(.data)
    uxTopReadyPriority                       0x20000058   Data           4  tasks.o(.data)
    xSchedulerRunning                        0x2000005c   Data           4  tasks.o(.data)
    xPendedTicks                             0x20000060   Data           4  tasks.o(.data)
    xYieldPending                            0x20000064   Data           4  tasks.o(.data)
    xNumOfOverflows                          0x20000068   Data           4  tasks.o(.data)
    uxTaskNumber                             0x2000006c   Data           4  tasks.o(.data)
    xNextTaskUnblockTime                     0x20000070   Data           4  tasks.o(.data)
    xIdleTaskHandle                          0x20000074   Data           4  tasks.o(.data)
    uxSchedulerSuspended                     0x20000078   Data           4  tasks.o(.data)
    .data                                    0x2000007c   Section       20  timers.o(.data)
    pxCurrentTimerList                       0x2000007c   Data           4  timers.o(.data)
    pxOverflowTimerList                      0x20000080   Data           4  timers.o(.data)
    xTimerQueue                              0x20000084   Data           4  timers.o(.data)
    xTimerTaskHandle                         0x20000088   Data           4  timers.o(.data)
    xLastTime                                0x2000008c   Data           4  timers.o(.data)
    .data                                    0x20000090   Section        4  cmsis_os2.o(.data)
    KernelState                              0x20000090   Data           4  cmsis_os2.o(.data)
    .data                                    0x20000094   Section       32  heap_4.o(.data)
    xStart                                   0x20000094   Data           8  heap_4.o(.data)
    pxEnd                                    0x2000009c   Data           4  heap_4.o(.data)
    xFreeBytesRemaining                      0x200000a0   Data           4  heap_4.o(.data)
    xMinimumEverFreeBytesRemaining           0x200000a4   Data           4  heap_4.o(.data)
    xNumberOfSuccessfulAllocations           0x200000a8   Data           4  heap_4.o(.data)
    xNumberOfSuccessfulFrees                 0x200000ac   Data           4  heap_4.o(.data)
    xBlockAllocatedBit                       0x200000b0   Data           4  heap_4.o(.data)
    .data                                    0x200000b4   Section       12  port.o(.data)
    uxCriticalNesting                        0x200000b4   Data           4  port.o(.data)
    ucMaxSysCallPriority                     0x200000b8   Data           1  port.o(.data)
    ulMaxPRIGROUPValue                       0x200000bc   Data           4  port.o(.data)
    .bss                                     0x200000c0   Section     7736  zdrive.o(.bss)
    .bss                                     0x20001ef8   Section       80  can.o(.bss)
    .bss                                     0x20001f48   Section      144  tim.o(.bss)
    .bss                                     0x20001fd8   Section       72  usart.o(.bss)
    .bss                                     0x20002020   Section       72  stm32f4xx_hal_timebase_tim.o(.bss)
    .bss                                     0x20002068   Section      384  bluetooth.o(.bss)
    .bss                                     0x200021e8   Section       64  queue.o(.bss)
    .bss                                     0x20002228   Section     1220  tasks.o(.bss)
    pxReadyTasksLists                        0x20002228   Data        1120  tasks.o(.bss)
    xDelayedTaskList1                        0x20002688   Data          20  tasks.o(.bss)
    xDelayedTaskList2                        0x2000269c   Data          20  tasks.o(.bss)
    xPendingReadyList                        0x200026b0   Data          20  tasks.o(.bss)
    xTasksWaitingTermination                 0x200026c4   Data          20  tasks.o(.bss)
    xSuspendedTaskList                       0x200026d8   Data          20  tasks.o(.bss)
    .bss                                     0x200026ec   Section      280  timers.o(.bss)
    xActiveTimerList1                        0x200026ec   Data          20  timers.o(.bss)
    xActiveTimerList2                        0x20002700   Data          20  timers.o(.bss)
    xStaticTimerQueue                        0x20002714   Data          80  timers.o(.bss)
    ucStaticTimerQueueStorage                0x20002764   Data         160  timers.o(.bss)
    .bss                                     0x20002804   Section      960  cmsis_os2.o(.bss)
    Idle_TCB                                 0x20002804   Data          96  cmsis_os2.o(.bss)
    Idle_Stack                               0x20002864   Data         256  cmsis_os2.o(.bss)
    Timer_TCB                                0x20002964   Data          96  cmsis_os2.o(.bss)
    Timer_Stack                              0x200029c4   Data         512  cmsis_os2.o(.bss)
    .bss                                     0x20002bc4   Section    15360  heap_4.o(.bss)
    ucHeap                                   0x20002bc4   Data       15360  heap_4.o(.bss)
    .bss                                     0x200067c4   Section       96  libspace.o(.bss)
    HEAP                                     0x20006828   Section      512  startup_stm32f405xx.o(HEAP)
    Heap_Mem                                 0x20006828   Data         512  startup_stm32f405xx.o(HEAP)
    STACK                                    0x20006a28   Section     1024  startup_stm32f405xx.o(STACK)
    Stack_Mem                                0x20006a28   Data        1024  startup_stm32f405xx.o(STACK)
    __initial_sp                             0x20006e28   Data           0  startup_stm32f405xx.o(STACK)

    Global Symbols

    Symbol Name                              Value     Ov Type        Size  Object(Section)

    BuildAttributes$$THM_ISAv4$E$P$D$K$B$S$7EM$VFPi3$EXTD16$VFPS$VFMA$PE$A:L22UL41UL21$X:L11$S22US41US21$IEEE1$IW$USESV6$~STKCKD$USESV7$~SHL$OSPACE$ROPI$EBA8$UX$STANDARDLIB$REQ8$PRES8$EABIv2 0x00000000   Number         0  anon$$obj.o ABSOLUTE
    __ARM_use_no_argv                        0x00000000   Number         0  main.o ABSOLUTE
    __ARM_exceptions_init                     - Undefined Weak Reference
    __alloca_initialize                       - Undefined Weak Reference
    __arm_preinit_                            - Undefined Weak Reference
    __cpp_initialize__aeabi_                  - Undefined Weak Reference
    __cxa_finalize                            - Undefined Weak Reference
    __rt_locale                               - Undefined Weak Reference
    __sigvec_lookup                           - Undefined Weak Reference
    _atexit_init                              - Undefined Weak Reference
    _call_atexit_fns                          - Undefined Weak Reference
    _clock_init                               - Undefined Weak Reference
    _fp_trap_init                             - Undefined Weak Reference
    _fp_trap_shutdown                         - Undefined Weak Reference
    _get_lc_collate                           - Undefined Weak Reference
    _get_lc_ctype                             - Undefined Weak Reference
    _get_lc_monetary                          - Undefined Weak Reference
    _get_lc_numeric                           - Undefined Weak Reference
    _get_lc_time                              - Undefined Weak Reference
    _getenv_init                              - Undefined Weak Reference
    _handle_redirection                       - Undefined Weak Reference
    _init_alloc                               - Undefined Weak Reference
    _init_user_alloc                          - Undefined Weak Reference
    _initio                                   - Undefined Weak Reference
    _rand_init                                - Undefined Weak Reference
    _signal_finish                            - Undefined Weak Reference
    _signal_init                              - Undefined Weak Reference
    _terminate_alloc                          - Undefined Weak Reference
    _terminate_user_alloc                     - Undefined Weak Reference
    _terminateio                              - Undefined Weak Reference
    __Vectors_Size                           0x00000188   Number         0  startup_stm32f405xx.o ABSOLUTE
    __Vectors                                0x08000000   Data           4  startup_stm32f405xx.o(RESET)
    __Vectors_End                            0x08000188   Data           0  startup_stm32f405xx.o(RESET)
    __main                                   0x08000189   Thumb Code     8  __main.o(!!!main)
    __scatterload                            0x08000191   Thumb Code     0  __scatter.o(!!!scatter)
    __scatterload_rt2                        0x08000191   Thumb Code    44  __scatter.o(!!!scatter)
    __scatterload_rt2_thumb_only             0x08000191   Thumb Code     0  __scatter.o(!!!scatter)
    __scatterload_null                       0x0800019f   Thumb Code     0  __scatter.o(!!!scatter)
    __scatterload_copy                       0x080001c5   Thumb Code    26  __scatter_copy.o(!!handler_copy)
    __scatterload_zeroinit                   0x080001e1   Thumb Code    28  __scatter_zi.o(!!handler_zi)
    __rt_lib_init                            0x080001fd   Thumb Code     0  libinit.o(.ARM.Collect$$libinit$$00000000)
    __rt_lib_init_fp_1                       0x080001ff   Thumb Code     0  libinit2.o(.ARM.Collect$$libinit$$00000001)
    __rt_lib_init_alloca_1                   0x08000203   Thumb Code     0  libinit2.o(.ARM.Collect$$libinit$$0000002E)
    __rt_lib_init_argv_1                     0x08000203   Thumb Code     0  libinit2.o(.ARM.Collect$$libinit$$0000002C)
    __rt_lib_init_atexit_1                   0x08000203   Thumb Code     0  libinit2.o(.ARM.Collect$$libinit$$0000001B)
    __rt_lib_init_clock_1                    0x08000203   Thumb Code     0  libinit2.o(.ARM.Collect$$libinit$$00000021)
    __rt_lib_init_cpp_1                      0x08000203   Thumb Code     0  libinit2.o(.ARM.Collect$$libinit$$00000032)
    __rt_lib_init_exceptions_1               0x08000203   Thumb Code     0  libinit2.o(.ARM.Collect$$libinit$$00000030)
    __rt_lib_init_fp_trap_1                  0x08000203   Thumb Code     0  libinit2.o(.ARM.Collect$$libinit$$0000001F)
    __rt_lib_init_getenv_1                   0x08000203   Thumb Code     0  libinit2.o(.ARM.Collect$$libinit$$00000023)
    __rt_lib_init_heap_1                     0x08000203   Thumb Code     0  libinit2.o(.ARM.Collect$$libinit$$0000000A)
    __rt_lib_init_lc_collate_1               0x08000203   Thumb Code     0  libinit2.o(.ARM.Collect$$libinit$$00000011)
    __rt_lib_init_lc_ctype_1                 0x08000203   Thumb Code     0  libinit2.o(.ARM.Collect$$libinit$$00000013)
    __rt_lib_init_lc_monetary_1              0x08000203   Thumb Code     0  libinit2.o(.ARM.Collect$$libinit$$00000015)
    __rt_lib_init_lc_numeric_1               0x08000203   Thumb Code     0  libinit2.o(.ARM.Collect$$libinit$$00000017)
    __rt_lib_init_lc_time_1                  0x08000203   Thumb Code     0  libinit2.o(.ARM.Collect$$libinit$$00000019)
    __rt_lib_init_preinit_1                  0x08000203   Thumb Code     0  libinit2.o(.ARM.Collect$$libinit$$00000004)
    __rt_lib_init_rand_1                     0x08000203   Thumb Code     0  libinit2.o(.ARM.Collect$$libinit$$0000000E)
    __rt_lib_init_return                     0x08000203   Thumb Code     0  libinit2.o(.ARM.Collect$$libinit$$00000033)
    __rt_lib_init_signal_1                   0x08000203   Thumb Code     0  libinit2.o(.ARM.Collect$$libinit$$0000001D)
    __rt_lib_init_stdio_1                    0x08000203   Thumb Code     0  libinit2.o(.ARM.Collect$$libinit$$00000025)
    __rt_lib_init_user_alloc_1               0x08000203   Thumb Code     0  libinit2.o(.ARM.Collect$$libinit$$0000000C)
    __rt_lib_shutdown                        0x08000205   Thumb Code     0  libshutdown.o(.ARM.Collect$$libshutdown$$00000000)
    __rt_lib_shutdown_cpp_1                  0x08000207   Thumb Code     0  libshutdown2.o(.ARM.Collect$$libshutdown$$00000002)
    __rt_lib_shutdown_fp_trap_1              0x08000207   Thumb Code     0  libshutdown2.o(.ARM.Collect$$libshutdown$$00000007)
    __rt_lib_shutdown_heap_1                 0x08000207   Thumb Code     0  libshutdown2.o(.ARM.Collect$$libshutdown$$0000000F)
    __rt_lib_shutdown_return                 0x08000207   Thumb Code     0  libshutdown2.o(.ARM.Collect$$libshutdown$$00000010)
    __rt_lib_shutdown_signal_1               0x08000207   Thumb Code     0  libshutdown2.o(.ARM.Collect$$libshutdown$$0000000A)
    __rt_lib_shutdown_stdio_1                0x08000207   Thumb Code     0  libshutdown2.o(.ARM.Collect$$libshutdown$$00000004)
    __rt_lib_shutdown_user_alloc_1           0x08000207   Thumb Code     0  libshutdown2.o(.ARM.Collect$$libshutdown$$0000000C)
    __rt_entry                               0x08000209   Thumb Code     0  __rtentry.o(.ARM.Collect$$rtentry$$00000000)
    __rt_entry_presh_1                       0x08000209   Thumb Code     0  __rtentry2.o(.ARM.Collect$$rtentry$$00000002)
    __rt_entry_sh                            0x08000209   Thumb Code     0  __rtentry4.o(.ARM.Collect$$rtentry$$00000004)
    __rt_entry_li                            0x0800020f   Thumb Code     0  __rtentry2.o(.ARM.Collect$$rtentry$$0000000A)
    __rt_entry_postsh_1                      0x0800020f   Thumb Code     0  __rtentry2.o(.ARM.Collect$$rtentry$$00000009)
    __rt_entry_main                          0x08000213   Thumb Code     0  __rtentry2.o(.ARM.Collect$$rtentry$$0000000D)
    __rt_entry_postli_1                      0x08000213   Thumb Code     0  __rtentry2.o(.ARM.Collect$$rtentry$$0000000C)
    __rt_exit                                0x0800021b   Thumb Code     0  rtexit.o(.ARM.Collect$$rtexit$$00000000)
    __rt_exit_ls                             0x0800021d   Thumb Code     0  rtexit2.o(.ARM.Collect$$rtexit$$00000003)
    __rt_exit_prels_1                        0x0800021d   Thumb Code     0  rtexit2.o(.ARM.Collect$$rtexit$$00000002)
    __rt_exit_exit                           0x08000221   Thumb Code     0  rtexit2.o(.ARM.Collect$$rtexit$$00000004)
    SVC_Handler                              0x08000229   Thumb Code    28  port.o(.emb_text)
    __asm___6_port_c_39a90d8d__prvStartFirstTask 0x08000249   Thumb Code    36  port.o(.emb_text)
    __asm___6_port_c_39a90d8d__prvEnableVFP  0x08000271   Thumb Code    16  port.o(.emb_text)
    PendSV_Handler                           0x08000285   Thumb Code    88  port.o(.emb_text)
    vPortGetIPSR                             0x080002e1   Thumb Code     6  port.o(.emb_text)
    Reset_Handler                            0x080002e9   Thumb Code     8  startup_stm32f405xx.o(.text)
    ADC_IRQHandler                           0x08000303   Thumb Code     0  startup_stm32f405xx.o(.text)
    CAN1_SCE_IRQHandler                      0x08000303   Thumb Code     0  startup_stm32f405xx.o(.text)
    CAN2_SCE_IRQHandler                      0x08000303   Thumb Code     0  startup_stm32f405xx.o(.text)
    DMA1_Stream0_IRQHandler                  0x08000303   Thumb Code     0  startup_stm32f405xx.o(.text)
    DMA1_Stream1_IRQHandler                  0x08000303   Thumb Code     0  startup_stm32f405xx.o(.text)
    DMA1_Stream2_IRQHandler                  0x08000303   Thumb Code     0  startup_stm32f405xx.o(.text)
    DMA1_Stream3_IRQHandler                  0x08000303   Thumb Code     0  startup_stm32f405xx.o(.text)
    DMA1_Stream4_IRQHandler                  0x08000303   Thumb Code     0  startup_stm32f405xx.o(.text)
    DMA1_Stream5_IRQHandler                  0x08000303   Thumb Code     0  startup_stm32f405xx.o(.text)
    DMA1_Stream6_IRQHandler                  0x08000303   Thumb Code     0  startup_stm32f405xx.o(.text)
    DMA1_Stream7_IRQHandler                  0x08000303   Thumb Code     0  startup_stm32f405xx.o(.text)
    DMA2_Stream0_IRQHandler                  0x08000303   Thumb Code     0  startup_stm32f405xx.o(.text)
    DMA2_Stream1_IRQHandler                  0x08000303   Thumb Code     0  startup_stm32f405xx.o(.text)
    DMA2_Stream2_IRQHandler                  0x08000303   Thumb Code     0  startup_stm32f405xx.o(.text)
    DMA2_Stream3_IRQHandler                  0x08000303   Thumb Code     0  startup_stm32f405xx.o(.text)
    DMA2_Stream4_IRQHandler                  0x08000303   Thumb Code     0  startup_stm32f405xx.o(.text)
    DMA2_Stream5_IRQHandler                  0x08000303   Thumb Code     0  startup_stm32f405xx.o(.text)
    DMA2_Stream6_IRQHandler                  0x08000303   Thumb Code     0  startup_stm32f405xx.o(.text)
    DMA2_Stream7_IRQHandler                  0x08000303   Thumb Code     0  startup_stm32f405xx.o(.text)
    EXTI0_IRQHandler                         0x08000303   Thumb Code     0  startup_stm32f405xx.o(.text)
    EXTI15_10_IRQHandler                     0x08000303   Thumb Code     0  startup_stm32f405xx.o(.text)
    EXTI1_IRQHandler                         0x08000303   Thumb Code     0  startup_stm32f405xx.o(.text)
    EXTI2_IRQHandler                         0x08000303   Thumb Code     0  startup_stm32f405xx.o(.text)
    EXTI3_IRQHandler                         0x08000303   Thumb Code     0  startup_stm32f405xx.o(.text)
    EXTI4_IRQHandler                         0x08000303   Thumb Code     0  startup_stm32f405xx.o(.text)
    EXTI9_5_IRQHandler                       0x08000303   Thumb Code     0  startup_stm32f405xx.o(.text)
    FLASH_IRQHandler                         0x08000303   Thumb Code     0  startup_stm32f405xx.o(.text)
    FMC_IRQHandler                           0x08000303   Thumb Code     0  startup_stm32f405xx.o(.text)
    FPU_IRQHandler                           0x08000303   Thumb Code     0  startup_stm32f405xx.o(.text)
    HASH_RNG_IRQHandler                      0x08000303   Thumb Code     0  startup_stm32f405xx.o(.text)
    I2C1_ER_IRQHandler                       0x08000303   Thumb Code     0  startup_stm32f405xx.o(.text)
    I2C1_EV_IRQHandler                       0x08000303   Thumb Code     0  startup_stm32f405xx.o(.text)
    I2C2_ER_IRQHandler                       0x08000303   Thumb Code     0  startup_stm32f405xx.o(.text)
    I2C2_EV_IRQHandler                       0x08000303   Thumb Code     0  startup_stm32f405xx.o(.text)
    I2C3_ER_IRQHandler                       0x08000303   Thumb Code     0  startup_stm32f405xx.o(.text)
    I2C3_EV_IRQHandler                       0x08000303   Thumb Code     0  startup_stm32f405xx.o(.text)
    OTG_FS_IRQHandler                        0x08000303   Thumb Code     0  startup_stm32f405xx.o(.text)
    OTG_FS_WKUP_IRQHandler                   0x08000303   Thumb Code     0  startup_stm32f405xx.o(.text)
    OTG_HS_EP1_IN_IRQHandler                 0x08000303   Thumb Code     0  startup_stm32f405xx.o(.text)
    OTG_HS_EP1_OUT_IRQHandler                0x08000303   Thumb Code     0  startup_stm32f405xx.o(.text)
    OTG_HS_IRQHandler                        0x08000303   Thumb Code     0  startup_stm32f405xx.o(.text)
    OTG_HS_WKUP_IRQHandler                   0x08000303   Thumb Code     0  startup_stm32f405xx.o(.text)
    PVD_IRQHandler                           0x08000303   Thumb Code     0  startup_stm32f405xx.o(.text)
    RCC_IRQHandler                           0x08000303   Thumb Code     0  startup_stm32f405xx.o(.text)
    RTC_Alarm_IRQHandler                     0x08000303   Thumb Code     0  startup_stm32f405xx.o(.text)
    RTC_WKUP_IRQHandler                      0x08000303   Thumb Code     0  startup_stm32f405xx.o(.text)
    SDIO_IRQHandler                          0x08000303   Thumb Code     0  startup_stm32f405xx.o(.text)
    SPI1_IRQHandler                          0x08000303   Thumb Code     0  startup_stm32f405xx.o(.text)
    SPI2_IRQHandler                          0x08000303   Thumb Code     0  startup_stm32f405xx.o(.text)
    SPI3_IRQHandler                          0x08000303   Thumb Code     0  startup_stm32f405xx.o(.text)
    TAMP_STAMP_IRQHandler                    0x08000303   Thumb Code     0  startup_stm32f405xx.o(.text)
    TIM1_BRK_TIM9_IRQHandler                 0x08000303   Thumb Code     0  startup_stm32f405xx.o(.text)
    TIM1_CC_IRQHandler                       0x08000303   Thumb Code     0  startup_stm32f405xx.o(.text)
    TIM1_TRG_COM_TIM11_IRQHandler            0x08000303   Thumb Code     0  startup_stm32f405xx.o(.text)
    TIM4_IRQHandler                          0x08000303   Thumb Code     0  startup_stm32f405xx.o(.text)
    TIM5_IRQHandler                          0x08000303   Thumb Code     0  startup_stm32f405xx.o(.text)
    TIM6_DAC_IRQHandler                      0x08000303   Thumb Code     0  startup_stm32f405xx.o(.text)
    TIM7_IRQHandler                          0x08000303   Thumb Code     0  startup_stm32f405xx.o(.text)
    TIM8_BRK_TIM12_IRQHandler                0x08000303   Thumb Code     0  startup_stm32f405xx.o(.text)
    TIM8_CC_IRQHandler                       0x08000303   Thumb Code     0  startup_stm32f405xx.o(.text)
    TIM8_TRG_COM_TIM14_IRQHandler            0x08000303   Thumb Code     0  startup_stm32f405xx.o(.text)
    TIM8_UP_TIM13_IRQHandler                 0x08000303   Thumb Code     0  startup_stm32f405xx.o(.text)
    UART4_IRQHandler                         0x08000303   Thumb Code     0  startup_stm32f405xx.o(.text)
    UART5_IRQHandler                         0x08000303   Thumb Code     0  startup_stm32f405xx.o(.text)
    USART1_IRQHandler                        0x08000303   Thumb Code     0  startup_stm32f405xx.o(.text)
    USART3_IRQHandler                        0x08000303   Thumb Code     0  startup_stm32f405xx.o(.text)
    USART6_IRQHandler                        0x08000303   Thumb Code     0  startup_stm32f405xx.o(.text)
    WWDG_IRQHandler                          0x08000303   Thumb Code     0  startup_stm32f405xx.o(.text)
    __user_initial_stackheap                 0x08000305   Thumb Code     0  startup_stm32f405xx.o(.text)
    __aeabi_uldivmod                         0x08000329   Thumb Code     0  lludivv7m.o(.text)
    _ll_udiv                                 0x08000329   Thumb Code   238  lludivv7m.o(.text)
    __aeabi_memcpy                           0x08000417   Thumb Code     0  rt_memcpy_v6.o(.text)
    __rt_memcpy                              0x08000417   Thumb Code   138  rt_memcpy_v6.o(.text)
    _memcpy_lastbytes                        0x0800047d   Thumb Code     0  rt_memcpy_v6.o(.text)
    __aeabi_memcpy4                          0x080004a1   Thumb Code     0  rt_memcpy_w.o(.text)
    __aeabi_memcpy8                          0x080004a1   Thumb Code     0  rt_memcpy_w.o(.text)
    __rt_memcpy_w                            0x080004a1   Thumb Code   100  rt_memcpy_w.o(.text)
    _memcpy_lastbytes_aligned                0x080004e9   Thumb Code     0  rt_memcpy_w.o(.text)
    __aeabi_memset                           0x08000505   Thumb Code    16  aeabi_memset.o(.text)
    __aeabi_memclr4                          0x08000515   Thumb Code     0  rt_memclr_w.o(.text)
    __aeabi_memclr8                          0x08000515   Thumb Code     0  rt_memclr_w.o(.text)
    __rt_memclr_w                            0x08000515   Thumb Code    78  rt_memclr_w.o(.text)
    _memset_w                                0x08000519   Thumb Code     0  rt_memclr_w.o(.text)
    __use_two_region_memory                  0x08000563   Thumb Code     2  heapauxi.o(.text)
    __rt_heap_escrow$2region                 0x08000565   Thumb Code     2  heapauxi.o(.text)
    __rt_heap_expand$2region                 0x08000567   Thumb Code     2  heapauxi.o(.text)
    __aeabi_memclr                           0x08000569   Thumb Code     0  rt_memclr.o(.text)
    __rt_memclr                              0x08000569   Thumb Code    68  rt_memclr.o(.text)
    _memset                                  0x0800056d   Thumb Code     0  rt_memclr.o(.text)
    __user_setup_stackheap                   0x080005ad   Thumb Code    74  sys_stackheap_outer.o(.text)
    exit                                     0x080005f7   Thumb Code    18  exit.o(.text)
    __user_libspace                          0x08000609   Thumb Code     8  libspace.o(.text)
    __user_perproc_libspace                  0x08000609   Thumb Code     0  libspace.o(.text)
    __user_perthread_libspace                0x08000609   Thumb Code     0  libspace.o(.text)
    _sys_exit                                0x08000611   Thumb Code     8  sys_exit.o(.text)
    __I$use$semihosting                      0x0800061d   Thumb Code     0  use_no_semi.o(.text)
    __use_no_semihosting_swi                 0x0800061d   Thumb Code     2  use_no_semi.o(.text)
    BusFault_Handler                         0x0800061f   Thumb Code     4  stm32f4xx_it.o(i.BusFault_Handler)
    __semihosting_library_function           0x0800061f   Thumb Code     0  indicate_semi.o(.text)
    CAN1_RX0_IRQHandler                      0x08000625   Thumb Code    10  stm32f4xx_it.o(i.CAN1_RX0_IRQHandler)
    CAN1_RX1_IRQHandler                      0x08000635   Thumb Code    10  stm32f4xx_it.o(i.CAN1_RX1_IRQHandler)
    CAN1_TX_IRQHandler                       0x08000645   Thumb Code    10  stm32f4xx_it.o(i.CAN1_TX_IRQHandler)
    CAN2_RX0_IRQHandler                      0x08000655   Thumb Code    10  stm32f4xx_it.o(i.CAN2_RX0_IRQHandler)
    CAN2_RX1_IRQHandler                      0x08000665   Thumb Code    10  stm32f4xx_it.o(i.CAN2_RX1_IRQHandler)
    CAN2_TX_IRQHandler                       0x08000675   Thumb Code    10  stm32f4xx_it.o(i.CAN2_TX_IRQHandler)
    CAN_Queue_Init                           0x08000685   Thumb Code    18  zdrive.o(i.CAN_Queue_Init)
    CAN_Queue_Pop                            0x08000699   Thumb Code   134  zdrive.o(i.CAN_Queue_Pop)
    CAN_Queue_Push                           0x08000729   Thumb Code    86  zdrive.o(i.CAN_Queue_Push)
    CLK_reset                                0x08000781   Thumb Code    16  valve.o(i.CLK_reset)
    CLK_set                                  0x08000795   Thumb Code    14  valve.o(i.CLK_set)
    CanCommand                               0x080007a9   Thumb Code    40  zdrive.o(i.CanCommand)
    Change_ArrayByte                         0x080007d1   Thumb Code    44  zdrive.o(i.Change_ArrayByte)
    Deal_RXPack                              0x080007fd   Thumb Code   146  bluetooth.o(i.Deal_RXPack)
    DebugMon_Handler                         0x08000895   Thumb Code     2  stm32f4xx_it.o(i.DebugMon_Handler)
    Debug_ReceiveMsg                         0x08000897   Thumb Code   184  bluetooth.o(i.Debug_ReceiveMsg)
    Error_Handler                            0x0800094f   Thumb Code     6  main.o(i.Error_Handler)
    HAL_CAN_ActivateNotification             0x08000955   Thumb Code    42  stm32f4xx_hal_can.o(i.HAL_CAN_ActivateNotification)
    HAL_CAN_AddTxMessage                     0x0800097f   Thumb Code   330  stm32f4xx_hal_can.o(i.HAL_CAN_AddTxMessage)
    HAL_CAN_ConfigFilter                     0x08000ac9   Thumb Code   284  stm32f4xx_hal_can.o(i.HAL_CAN_ConfigFilter)
    HAL_CAN_ErrorCallback                    0x08000be9   Thumb Code     2  stm32f4xx_hal_can.o(i.HAL_CAN_ErrorCallback)
    HAL_CAN_GetRxMessage                     0x08000beb   Thumb Code   404  stm32f4xx_hal_can.o(i.HAL_CAN_GetRxMessage)
    HAL_CAN_IRQHandler                       0x08000d7f   Thumb Code   590  stm32f4xx_hal_can.o(i.HAL_CAN_IRQHandler)
    HAL_CAN_Init                             0x08000fcd   Thumb Code   372  stm32f4xx_hal_can.o(i.HAL_CAN_Init)
    HAL_CAN_MspInit                          0x08001141   Thumb Code   394  can.o(i.HAL_CAN_MspInit)
    HAL_CAN_RxFifo0FullCallback              0x080012e5   Thumb Code     2  stm32f4xx_hal_can.o(i.HAL_CAN_RxFifo0FullCallback)
    HAL_CAN_RxFifo0MsgPendingCallback        0x080012e9   Thumb Code    44  main.o(i.HAL_CAN_RxFifo0MsgPendingCallback)
    HAL_CAN_RxFifo1FullCallback              0x08001321   Thumb Code     2  stm32f4xx_hal_can.o(i.HAL_CAN_RxFifo1FullCallback)
    HAL_CAN_RxFifo1MsgPendingCallback        0x08001325   Thumb Code    42  main.o(i.HAL_CAN_RxFifo1MsgPendingCallback)
    HAL_CAN_SleepCallback                    0x0800135d   Thumb Code     2  stm32f4xx_hal_can.o(i.HAL_CAN_SleepCallback)
    HAL_CAN_Start                            0x0800135f   Thumb Code    94  stm32f4xx_hal_can.o(i.HAL_CAN_Start)
    HAL_CAN_TxMailbox0AbortCallback          0x080013bd   Thumb Code     2  stm32f4xx_hal_can.o(i.HAL_CAN_TxMailbox0AbortCallback)
    HAL_CAN_TxMailbox0CompleteCallback       0x080013bf   Thumb Code     2  stm32f4xx_hal_can.o(i.HAL_CAN_TxMailbox0CompleteCallback)
    HAL_CAN_TxMailbox1AbortCallback          0x080013c1   Thumb Code     2  stm32f4xx_hal_can.o(i.HAL_CAN_TxMailbox1AbortCallback)
    HAL_CAN_TxMailbox1CompleteCallback       0x080013c3   Thumb Code     2  stm32f4xx_hal_can.o(i.HAL_CAN_TxMailbox1CompleteCallback)
    HAL_CAN_TxMailbox2AbortCallback          0x080013c5   Thumb Code     2  stm32f4xx_hal_can.o(i.HAL_CAN_TxMailbox2AbortCallback)
    HAL_CAN_TxMailbox2CompleteCallback       0x080013c7   Thumb Code     2  stm32f4xx_hal_can.o(i.HAL_CAN_TxMailbox2CompleteCallback)
    HAL_CAN_WakeUpFromRxMsgCallback          0x080013c9   Thumb Code     2  stm32f4xx_hal_can.o(i.HAL_CAN_WakeUpFromRxMsgCallback)
    HAL_DMA_Abort                            0x080013cb   Thumb Code   172  stm32f4xx_hal_dma.o(i.HAL_DMA_Abort)
    HAL_DMA_Abort_IT                         0x08001477   Thumb Code    40  stm32f4xx_hal_dma.o(i.HAL_DMA_Abort_IT)
    HAL_Delay                                0x080014a1   Thumb Code    36  stm32f4xx_hal.o(i.HAL_Delay)
    HAL_GPIO_Init                            0x080014c9   Thumb Code   454  stm32f4xx_hal_gpio.o(i.HAL_GPIO_Init)
    HAL_GPIO_WritePin                        0x080016bd   Thumb Code    12  stm32f4xx_hal_gpio.o(i.HAL_GPIO_WritePin)
    HAL_GetTick                              0x080016c9   Thumb Code     6  stm32f4xx_hal.o(i.HAL_GetTick)
    HAL_IncTick                              0x080016d5   Thumb Code    16  stm32f4xx_hal.o(i.HAL_IncTick)
    HAL_Init                                 0x080016ed   Thumb Code    54  stm32f4xx_hal.o(i.HAL_Init)
    HAL_InitTick                             0x08001729   Thumb Code   140  stm32f4xx_hal_timebase_tim.o(i.HAL_InitTick)
    HAL_MspInit                              0x080017c9   Thumb Code    78  stm32f4xx_hal_msp.o(i.HAL_MspInit)
    HAL_NVIC_EnableIRQ                       0x0800181d   Thumb Code    40  stm32f4xx_hal_cortex.o(i.HAL_NVIC_EnableIRQ)
    HAL_NVIC_SetPriority                     0x08001845   Thumb Code   124  stm32f4xx_hal_cortex.o(i.HAL_NVIC_SetPriority)
    HAL_NVIC_SetPriorityGrouping             0x080018c1   Thumb Code    32  stm32f4xx_hal_cortex.o(i.HAL_NVIC_SetPriorityGrouping)
    HAL_RCC_ClockConfig                      0x080018e9   Thumb Code   368  stm32f4xx_hal_rcc.o(i.HAL_RCC_ClockConfig)
    HAL_RCC_GetClockConfig                   0x08001a6d   Thumb Code    58  stm32f4xx_hal_rcc.o(i.HAL_RCC_GetClockConfig)
    HAL_RCC_GetHCLKFreq                      0x08001ab1   Thumb Code     6  stm32f4xx_hal_rcc.o(i.HAL_RCC_GetHCLKFreq)
    HAL_RCC_GetPCLK1Freq                     0x08001abd   Thumb Code    22  stm32f4xx_hal_rcc.o(i.HAL_RCC_GetPCLK1Freq)
    HAL_RCC_GetPCLK2Freq                     0x08001add   Thumb Code    22  stm32f4xx_hal_rcc.o(i.HAL_RCC_GetPCLK2Freq)
    HAL_RCC_GetSysClockFreq                  0x08001afd   Thumb Code   162  stm32f4xx_hal_rcc.o(i.HAL_RCC_GetSysClockFreq)
    HAL_RCC_OscConfig                        0x08001bad   Thumb Code  1172  stm32f4xx_hal_rcc.o(i.HAL_RCC_OscConfig)
    HAL_TIMEx_BreakCallback                  0x08002049   Thumb Code     2  stm32f4xx_hal_tim_ex.o(i.HAL_TIMEx_BreakCallback)
    HAL_TIMEx_CommutCallback                 0x0800204b   Thumb Code     2  stm32f4xx_hal_tim_ex.o(i.HAL_TIMEx_CommutCallback)
    HAL_TIMEx_MasterConfigSynchronization    0x0800204d   Thumb Code   150  stm32f4xx_hal_tim_ex.o(i.HAL_TIMEx_MasterConfigSynchronization)
    HAL_TIM_Base_Init                        0x08002101   Thumb Code   102  stm32f4xx_hal_tim.o(i.HAL_TIM_Base_Init)
    HAL_TIM_Base_MspInit                     0x08002169   Thumb Code   120  tim.o(i.HAL_TIM_Base_MspInit)
    HAL_TIM_Base_Start_IT                    0x080021e9   Thumb Code   138  stm32f4xx_hal_tim.o(i.HAL_TIM_Base_Start_IT)
    HAL_TIM_ConfigClockSource                0x08002291   Thumb Code   268  stm32f4xx_hal_tim.o(i.HAL_TIM_ConfigClockSource)
    HAL_TIM_IC_CaptureCallback               0x0800239d   Thumb Code     2  stm32f4xx_hal_tim.o(i.HAL_TIM_IC_CaptureCallback)
    HAL_TIM_IRQHandler                       0x0800239f   Thumb Code   364  stm32f4xx_hal_tim.o(i.HAL_TIM_IRQHandler)
    HAL_TIM_OC_DelayElapsedCallback          0x0800250b   Thumb Code     2  stm32f4xx_hal_tim.o(i.HAL_TIM_OC_DelayElapsedCallback)
    HAL_TIM_PWM_PulseFinishedCallback        0x0800250d   Thumb Code     2  stm32f4xx_hal_tim.o(i.HAL_TIM_PWM_PulseFinishedCallback)
    HAL_TIM_PeriodElapsedCallback            0x08002511   Thumb Code    44  main.o(i.HAL_TIM_PeriodElapsedCallback)
    HAL_TIM_TriggerCallback                  0x08002549   Thumb Code     2  stm32f4xx_hal_tim.o(i.HAL_TIM_TriggerCallback)
    HAL_UARTEx_RxEventCallback               0x0800254b   Thumb Code     2  stm32f4xx_hal_uart.o(i.HAL_UARTEx_RxEventCallback)
    HAL_UART_ErrorCallback                   0x0800254d   Thumb Code     2  stm32f4xx_hal_uart.o(i.HAL_UART_ErrorCallback)
    HAL_UART_IRQHandler                      0x08002551   Thumb Code   772  stm32f4xx_hal_uart.o(i.HAL_UART_IRQHandler)
    HAL_UART_Init                            0x08002859   Thumb Code   118  stm32f4xx_hal_uart.o(i.HAL_UART_Init)
    HAL_UART_MspInit                         0x080028d1   Thumb Code   166  usart.o(i.HAL_UART_MspInit)
    HAL_UART_Receive_IT                      0x08002985   Thumb Code    44  stm32f4xx_hal_uart.o(i.HAL_UART_Receive_IT)
    HAL_UART_RxCpltCallback                  0x080029b1   Thumb Code    34  main.o(i.HAL_UART_RxCpltCallback)
    HAL_UART_TxCpltCallback                  0x080029e5   Thumb Code     2  stm32f4xx_hal_uart.o(i.HAL_UART_TxCpltCallback)
    HardFault_Handler                        0x080029e7   Thumb Code     4  stm32f4xx_it.o(i.HardFault_Handler)
    MX_CAN1_Init                             0x080029ed   Thumb Code   142  can.o(i.MX_CAN1_Init)
    MX_CAN2_Init                             0x08002a85   Thumb Code   278  can.o(i.MX_CAN2_Init)
    MX_FREERTOS_Init                         0x08002ba5   Thumb Code    46  freertos.o(i.MX_FREERTOS_Init)
    MX_GPIO_Init                             0x08002bf9   Thumb Code   144  gpio.o(i.MX_GPIO_Init)
    MX_TIM2_Init                             0x08002c91   Thumb Code   114  tim.o(i.MX_TIM2_Init)
    MX_TIM3_Init                             0x08002d09   Thumb Code   112  tim.o(i.MX_TIM3_Init)
    MX_USART2_UART_Init                      0x08002d81   Thumb Code    46  usart.o(i.MX_USART2_UART_Init)
    MemManage_Handler                        0x08002db9   Thumb Code     4  stm32f4xx_it.o(i.MemManage_Handler)
    NMI_Handler                              0x08002dbd   Thumb Code     4  stm32f4xx_it.o(i.NMI_Handler)
    SI_reset                                 0x08002dc1   Thumb Code    16  valve.o(i.SI_reset)
    SI_set                                   0x08002dd5   Thumb Code    14  valve.o(i.SI_set)
    SysTick_Handler                          0x08002de9   Thumb Code    22  cmsis_os2.o(i.SysTick_Handler)
    SystemClock_Config                       0x08002e01   Thumb Code   172  main.o(i.SystemClock_Config)
    SystemInit                               0x08002eb5   Thumb Code    14  system_stm32f4xx.o(i.SystemInit)
    TIM1_UP_TIM10_IRQHandler                 0x08002ec9   Thumb Code    10  stm32f4xx_it.o(i.TIM1_UP_TIM10_IRQHandler)
    TIM2_IRQHandler                          0x08002ed9   Thumb Code    10  stm32f4xx_it.o(i.TIM2_IRQHandler)
    TIM3_IRQHandler                          0x08002ee9   Thumb Code    10  stm32f4xx_it.o(i.TIM3_IRQHandler)
    TIM_Base_SetConfig                       0x08002ef9   Thumb Code   178  stm32f4xx_hal_tim.o(i.TIM_Base_SetConfig)
    TIM_ETR_SetConfig                        0x08002fd9   Thumb Code    22  stm32f4xx_hal_tim.o(i.TIM_ETR_SetConfig)
    UART_Start_Receive_IT                    0x08003415   Thumb Code    64  stm32f4xx_hal_uart.o(i.UART_Start_Receive_IT)
    USART2_IRQHandler                        0x080034b5   Thumb Code    10  stm32f4xx_it.o(i.USART2_IRQHandler)
    UsageFault_Handler                       0x080034c5   Thumb Code     4  stm32f4xx_it.o(i.UsageFault_Handler)
    ZDrive_Ask                               0x080034c9   Thumb Code    50  zdrive.o(i.ZDrive_Ask)
    ZDrive_Func                              0x08003501   Thumb Code   688  zdrive.o(i.ZDrive_Func)
    ZDrive_Init                              0x080037b9   Thumb Code   320  zdrive.o(i.ZDrive_Init)
    ZDrive_ReceiveHandler                    0x08003901   Thumb Code   406  zdrive.o(i.ZDrive_ReceiveHandler)
    ZDrive_Set                               0x08003aa9   Thumb Code   282  zdrive.o(i.ZDrive_Set)
    dj                                       0x08003c15   Thumb Code   276  freertos.o(i.dj)
    is_get_enrygy                            0x08003d39   Thumb Code   280  freertos.o(i.is_get_enrygy)
    launch                                   0x08003e79   Thumb Code    26  freertos.o(i.launch)
    main                                     0x08003e9d   Thumb Code    76  main.o(i.main)
    osDelay                                  0x08003ef5   Thumb Code    30  cmsis_os2.o(i.osDelay)
    osKernelInitialize                       0x08003f15   Thumb Code    38  cmsis_os2.o(i.osKernelInitialize)
    osKernelStart                            0x08003f41   Thumb Code    82  cmsis_os2.o(i.osKernelStart)
    osThreadNew                              0x08003fa1   Thumb Code   184  cmsis_os2.o(i.osThreadNew)
    pvPortMalloc                             0x08004a7d   Thumb Code   316  heap_4.o(i.pvPortMalloc)
    pxPortInitialiseStack                    0x08004bd1   Thumb Code    38  port.o(i.pxPortInitialiseStack)
    radiotube                                0x08004bfd   Thumb Code    88  valve.o(i.radiotube)
    uxListRemove                             0x08004c55   Thumb Code    40  list.o(i.uxListRemove)
    vApplicationGetIdleTaskMemory            0x08004c7d   Thumb Code    14  cmsis_os2.o(i.vApplicationGetIdleTaskMemory)
    vApplicationGetTimerTaskMemory           0x08004c95   Thumb Code    14  cmsis_os2.o(i.vApplicationGetTimerTaskMemory)
    vApplicationMallocFailedHook             0x08004cad   Thumb Code     2  freertos.o(i.vApplicationMallocFailedHook)
    vApplicationStackOverflowHook            0x08004caf   Thumb Code     2  freertos.o(i.vApplicationStackOverflowHook)
    vListInitialise                          0x08004cb1   Thumb Code    26  list.o(i.vListInitialise)
    vListInitialiseItem                      0x08004ccb   Thumb Code     6  list.o(i.vListInitialiseItem)
    vListInsert                              0x08004cd1   Thumb Code    52  list.o(i.vListInsert)
    vListInsertEnd                           0x08004d05   Thumb Code    24  list.o(i.vListInsertEnd)
    vPortEnterCritical                       0x08004d1d   Thumb Code    76  port.o(i.vPortEnterCritical)
    vPortExitCritical                        0x08004d71   Thumb Code    56  port.o(i.vPortExitCritical)
    vPortFree                                0x08004dad   Thumb Code   150  heap_4.o(i.vPortFree)
    vPortSetupTimerInterrupt                 0x08004e51   Thumb Code    36  port.o(i.vPortSetupTimerInterrupt)
    vPortValidateInterruptPriority           0x08004e79   Thumb Code   106  port.o(i.vPortValidateInterruptPriority)
    vQueueAddToRegistry                      0x08004ef1   Thumb Code    38  queue.o(i.vQueueAddToRegistry)
    vQueueWaitForMessageRestricted           0x08004f1d   Thumb Code    74  queue.o(i.vQueueWaitForMessageRestricted)
    vTaskDelay                               0x08004f69   Thumb Code    82  tasks.o(i.vTaskDelay)
    vTaskInternalSetTimeOutState             0x08004fc5   Thumb Code    14  tasks.o(i.vTaskInternalSetTimeOutState)
    vTaskMissedYield                         0x08004fdd   Thumb Code     8  tasks.o(i.vTaskMissedYield)
    vTaskPlaceOnEventList                    0x08004fe9   Thumb Code    52  tasks.o(i.vTaskPlaceOnEventList)
    vTaskPlaceOnEventListRestricted          0x08005021   Thumb Code    60  tasks.o(i.vTaskPlaceOnEventListRestricted)
    vTaskStartScheduler                      0x08005061   Thumb Code   156  tasks.o(i.vTaskStartScheduler)
    vTaskSuspendAll                          0x08005119   Thumb Code    12  tasks.o(i.vTaskSuspendAll)
    vTaskSwitchContext                       0x08005129   Thumb Code   178  tasks.o(i.vTaskSwitchContext)
    xPortStartScheduler                      0x080051f1   Thumb Code   330  port.o(i.xPortStartScheduler)
    xPortSysTickHandler                      0x08005359   Thumb Code    46  port.o(i.xPortSysTickHandler)
    xQueueGenericCreateStatic                0x0800538d   Thumb Code   224  queue.o(i.xQueueGenericCreateStatic)
    xQueueGenericReset                       0x0800546d   Thumb Code   146  queue.o(i.xQueueGenericReset)
    xQueueGenericSend                        0x08005505   Thumb Code   420  queue.o(i.xQueueGenericSend)
    xQueueGenericSendFromISR                 0x080056ad   Thumb Code   252  queue.o(i.xQueueGenericSendFromISR)
    xQueueReceive                            0x080057a9   Thumb Code   356  queue.o(i.xQueueReceive)
    xTaskCheckForTimeOut                     0x08005911   Thumb Code   132  tasks.o(i.xTaskCheckForTimeOut)
    xTaskCreate                              0x0800599d   Thumb Code   100  tasks.o(i.xTaskCreate)
    xTaskCreateStatic                        0x08005a01   Thumb Code   186  tasks.o(i.xTaskCreateStatic)
    xTaskGetSchedulerState                   0x08005abd   Thumb Code    24  tasks.o(i.xTaskGetSchedulerState)
    xTaskGetTickCount                        0x08005add   Thumb Code     6  tasks.o(i.xTaskGetTickCount)
    xTaskIncrementTick                       0x08005ae9   Thumb Code   280  tasks.o(i.xTaskIncrementTick)
    xTaskPriorityDisinherit                  0x08005c2d   Thumb Code   152  tasks.o(i.xTaskPriorityDisinherit)
    xTaskRemoveFromEventList                 0x08005cd1   Thumb Code   126  tasks.o(i.xTaskRemoveFromEventList)
    xTaskResumeAll                           0x08005d69   Thumb Code   222  tasks.o(i.xTaskResumeAll)
    xTimerCreateTimerTask                    0x08005e6d   Thumb Code   100  timers.o(i.xTimerCreateTimerTask)
    xTimerGenericCommand                     0x08005ee5   Thumb Code   128  timers.o(i.xTimerGenericCommand)
    _fp_init                                 0x08005f69   Thumb Code    10  fpinit.o(x$fpl$fpinit)
    __fplib_config_fpu_vfp                   0x08005f71   Thumb Code     0  fpinit.o(x$fpl$fpinit)
    __fplib_config_pureend_doubles           0x08005f71   Thumb Code     0  fpinit.o(x$fpl$fpinit)
    defaultTask_attributes                   0x08005f74   Data          36  freertos.o(.constdata)
    myTask02_attributes                      0x08005f98   Data          36  freertos.o(.constdata)
    myTask03_attributes                      0x08005fbc   Data          36  freertos.o(.constdata)
    AHBPrescTable                            0x08005ff8   Data          16  system_stm32f4xx.o(.constdata)
    APBPrescTable                            0x08006008   Data           8  system_stm32f4xx.o(.constdata)
    Region$$Table$$Base                      0x08006034   Number         0  anon$$obj.o(Region$$Table)
    Region$$Table$$Limit                     0x08006054   Number         0  anon$$obj.o(Region$$Table)
    endian                                   0x20000000   Data           1  zdrive.o(.data)
    can_x                                    0x20000001   Data           1  zdrive.o(.data)
    rxmsg                                    0x20000002   Data           8  zdrive.o(.data)
    RxData                                   0x2000000a   Data           8  zdrive.o(.data)
    uart_rx_byte                             0x20000012   Data           1  main.o(.data)
    flag                                     0x20000014   Data           1  freertos.o(.data)
    flag_rise                                0x20000015   Data           1  freertos.o(.data)
    flag_descend                             0x20000016   Data           1  freertos.o(.data)
    flag_advance                             0x20000017   Data           1  freertos.o(.data)
    flag_advance_second                      0x20000018   Data           1  freertos.o(.data)
    speed_up                                 0x2000001a   Data           2  freertos.o(.data)
    speed_down                               0x2000001c   Data           2  freertos.o(.data)
    cmd                                      0x2000001e   Data           1  freertos.o(.data)
    defaultTaskHandle                        0x20000020   Data           4  freertos.o(.data)
    myTask02Handle                           0x20000024   Data           4  freertos.o(.data)
    myTask03Handle                           0x20000028   Data           4  freertos.o(.data)
    uwTick                                   0x20000030   Data           4  stm32f4xx_hal.o(.data)
    uwTickPrio                               0x20000034   Data           4  stm32f4xx_hal.o(.data)
    uwTickFreq                               0x20000038   Data           1  stm32f4xx_hal.o(.data)
    SystemCoreClock                          0x2000003c   Data           4  system_stm32f4xx.o(.data)
    pxCurrentTCB                             0x20000040   Data           4  tasks.o(.data)
    CAN1_Queue                               0x200000c0   Data        1304  zdrive.o(.bss)
    CAN2_Queue                               0x200005d8   Data        1304  zdrive.o(.bss)
    VESC_Queue                               0x20000af0   Data        1304  zdrive.o(.bss)
    ZDrive_Queue                             0x20001008   Data        1304  zdrive.o(.bss)
    can_queue                                0x20001520   Data        1304  zdrive.o(.bss)
    ZDrive                                   0x20001a38   Data        1160  zdrive.o(.bss)
    Z_RxHeader                               0x20001ec0   Data          28  zdrive.o(.bss)
    M_RxHeader                               0x20001edc   Data          28  zdrive.o(.bss)
    hcan1                                    0x20001ef8   Data          40  can.o(.bss)
    hcan2                                    0x20001f20   Data          40  can.o(.bss)
    htim2                                    0x20001f48   Data          72  tim.o(.bss)
    htim3                                    0x20001f90   Data          72  tim.o(.bss)
    huart2                                   0x20001fd8   Data          72  usart.o(.bss)
    htim1                                    0x20002020   Data          72  stm32f4xx_hal_timebase_tim.o(.bss)
    PackMsg                                  0x20002068   Data         263  bluetooth.o(.bss)
    RxMsgPack                                0x20002170   Data          92  bluetooth.o(.bss)
    TxMsgPack                                0x200021cc   Data          28  bluetooth.o(.bss)
    xQueueRegistry                           0x200021e8   Data          64  queue.o(.bss)
    __libspace_start                         0x200067c4   Data          96  libspace.o(.bss)
    __temporary_stack_top$libspace           0x20006824   Data           0  libspace.o(.bss)



==============================================================================

Memory Map of the image

  Image Entry point : 0x08000189

  Load Region LR_IROM1 (Base: 0x08000000, Size: 0x00006114, Max: 0x00100000, ABSOLUTE)

    Execution Region ER_IROM1 (Exec base: 0x08000000, Load base: 0x08000000, Size: 0x00006054, Max: 0x00100000, ABSOLUTE)

    Exec Addr    Load Addr    Size         Type   Attr      Idx    E Section Name        Object

    0x08000000   0x08000000   0x00000188   Data   RO            3    RESET               startup_stm32f405xx.o
    0x08000188   0x08000188   0x00000008   Code   RO         5626  * !!!main             c_w.l(__main.o)
    0x08000190   0x08000190   0x00000034   Code   RO         5795    !!!scatter          c_w.l(__scatter.o)
    0x080001c4   0x080001c4   0x0000001a   Code   RO         5797    !!handler_copy      c_w.l(__scatter_copy.o)
    0x080001de   0x080001de   0x00000002   PAD
    0x080001e0   0x080001e0   0x0000001c   Code   RO         5799    !!handler_zi        c_w.l(__scatter_zi.o)
    0x080001fc   0x080001fc   0x00000002   Code   RO         5665    .ARM.Collect$$libinit$$00000000  c_w.l(libinit.o)
    0x080001fe   0x080001fe   0x00000004   Code   RO         5677    .ARM.Collect$$libinit$$00000001  c_w.l(libinit2.o)
    0x08000202   0x08000202   0x00000000   Code   RO         5680    .ARM.Collect$$libinit$$00000004  c_w.l(libinit2.o)
    0x08000202   0x08000202   0x00000000   Code   RO         5683    .ARM.Collect$$libinit$$0000000A  c_w.l(libinit2.o)
    0x08000202   0x08000202   0x00000000   Code   RO         5685    .ARM.Collect$$libinit$$0000000C  c_w.l(libinit2.o)
    0x08000202   0x08000202   0x00000000   Code   RO         5687    .ARM.Collect$$libinit$$0000000E  c_w.l(libinit2.o)
    0x08000202   0x08000202   0x00000000   Code   RO         5690    .ARM.Collect$$libinit$$00000011  c_w.l(libinit2.o)
    0x08000202   0x08000202   0x00000000   Code   RO         5692    .ARM.Collect$$libinit$$00000013  c_w.l(libinit2.o)
    0x08000202   0x08000202   0x00000000   Code   RO         5694    .ARM.Collect$$libinit$$00000015  c_w.l(libinit2.o)
    0x08000202   0x08000202   0x00000000   Code   RO         5696    .ARM.Collect$$libinit$$00000017  c_w.l(libinit2.o)
    0x08000202   0x08000202   0x00000000   Code   RO         5698    .ARM.Collect$$libinit$$00000019  c_w.l(libinit2.o)
    0x08000202   0x08000202   0x00000000   Code   RO         5700    .ARM.Collect$$libinit$$0000001B  c_w.l(libinit2.o)
    0x08000202   0x08000202   0x00000000   Code   RO         5702    .ARM.Collect$$libinit$$0000001D  c_w.l(libinit2.o)
    0x08000202   0x08000202   0x00000000   Code   RO         5704    .ARM.Collect$$libinit$$0000001F  c_w.l(libinit2.o)
    0x08000202   0x08000202   0x00000000   Code   RO         5706    .ARM.Collect$$libinit$$00000021  c_w.l(libinit2.o)
    0x08000202   0x08000202   0x00000000   Code   RO         5708    .ARM.Collect$$libinit$$00000023  c_w.l(libinit2.o)
    0x08000202   0x08000202   0x00000000   Code   RO         5710    .ARM.Collect$$libinit$$00000025  c_w.l(libinit2.o)
    0x08000202   0x08000202   0x00000000   Code   RO         5714    .ARM.Collect$$libinit$$0000002C  c_w.l(libinit2.o)
    0x08000202   0x08000202   0x00000000   Code   RO         5716    .ARM.Collect$$libinit$$0000002E  c_w.l(libinit2.o)
    0x08000202   0x08000202   0x00000000   Code   RO         5718    .ARM.Collect$$libinit$$00000030  c_w.l(libinit2.o)
    0x08000202   0x08000202   0x00000000   Code   RO         5720    .ARM.Collect$$libinit$$00000032  c_w.l(libinit2.o)
    0x08000202   0x08000202   0x00000002   Code   RO         5721    .ARM.Collect$$libinit$$00000033  c_w.l(libinit2.o)
    0x08000204   0x08000204   0x00000002   Code   RO         5752    .ARM.Collect$$libshutdown$$00000000  c_w.l(libshutdown.o)
    0x08000206   0x08000206   0x00000000   Code   RO         5778    .ARM.Collect$$libshutdown$$00000002  c_w.l(libshutdown2.o)
    0x08000206   0x08000206   0x00000000   Code   RO         5780    .ARM.Collect$$libshutdown$$00000004  c_w.l(libshutdown2.o)
    0x08000206   0x08000206   0x00000000   Code   RO         5783    .ARM.Collect$$libshutdown$$00000007  c_w.l(libshutdown2.o)
    0x08000206   0x08000206   0x00000000   Code   RO         5786    .ARM.Collect$$libshutdown$$0000000A  c_w.l(libshutdown2.o)
    0x08000206   0x08000206   0x00000000   Code   RO         5788    .ARM.Collect$$libshutdown$$0000000C  c_w.l(libshutdown2.o)
    0x08000206   0x08000206   0x00000000   Code   RO         5791    .ARM.Collect$$libshutdown$$0000000F  c_w.l(libshutdown2.o)
    0x08000206   0x08000206   0x00000002   Code   RO         5792    .ARM.Collect$$libshutdown$$00000010  c_w.l(libshutdown2.o)
    0x08000208   0x08000208   0x00000000   Code   RO         5628    .ARM.Collect$$rtentry$$00000000  c_w.l(__rtentry.o)
    0x08000208   0x08000208   0x00000000   Code   RO         5636    .ARM.Collect$$rtentry$$00000002  c_w.l(__rtentry2.o)
    0x08000208   0x08000208   0x00000006   Code   RO         5648    .ARM.Collect$$rtentry$$00000004  c_w.l(__rtentry4.o)
    0x0800020e   0x0800020e   0x00000000   Code   RO         5638    .ARM.Collect$$rtentry$$00000009  c_w.l(__rtentry2.o)
    0x0800020e   0x0800020e   0x00000004   Code   RO         5639    .ARM.Collect$$rtentry$$0000000A  c_w.l(__rtentry2.o)
    0x08000212   0x08000212   0x00000000   Code   RO         5641    .ARM.Collect$$rtentry$$0000000C  c_w.l(__rtentry2.o)
    0x08000212   0x08000212   0x00000008   Code   RO         5642    .ARM.Collect$$rtentry$$0000000D  c_w.l(__rtentry2.o)
    0x0800021a   0x0800021a   0x00000002   Code   RO         5669    .ARM.Collect$$rtexit$$00000000  c_w.l(rtexit.o)
    0x0800021c   0x0800021c   0x00000000   Code   RO         5725    .ARM.Collect$$rtexit$$00000002  c_w.l(rtexit2.o)
    0x0800021c   0x0800021c   0x00000004   Code   RO         5726    .ARM.Collect$$rtexit$$00000003  c_w.l(rtexit2.o)
    0x08000220   0x08000220   0x00000006   Code   RO         5727    .ARM.Collect$$rtexit$$00000004  c_w.l(rtexit2.o)
    0x08000226   0x08000226   0x00000002   PAD
    0x08000228   0x08000228   0x000000be   Code   RO         5533    .emb_text           port.o
    0x080002e6   0x080002e6   0x00000002   PAD
    0x080002e8   0x080002e8   0x00000040   Code   RO            4    .text               startup_stm32f405xx.o
    0x08000328   0x08000328   0x000000ee   Code   RO         5612    .text               c_w.l(lludivv7m.o)
    0x08000416   0x08000416   0x0000008a   Code   RO         5614    .text               c_w.l(rt_memcpy_v6.o)
    0x080004a0   0x080004a0   0x00000064   Code   RO         5616    .text               c_w.l(rt_memcpy_w.o)
    0x08000504   0x08000504   0x00000010   Code   RO         5620    .text               c_w.l(aeabi_memset.o)
    0x08000514   0x08000514   0x0000004e   Code   RO         5622    .text               c_w.l(rt_memclr_w.o)
    0x08000562   0x08000562   0x00000006   Code   RO         5624    .text               c_w.l(heapauxi.o)
    0x08000568   0x08000568   0x00000044   Code   RO         5633    .text               c_w.l(rt_memclr.o)
    0x080005ac   0x080005ac   0x0000004a   Code   RO         5652    .text               c_w.l(sys_stackheap_outer.o)
    0x080005f6   0x080005f6   0x00000012   Code   RO         5654    .text               c_w.l(exit.o)
    0x08000608   0x08000608   0x00000008   Code   RO         5666    .text               c_w.l(libspace.o)
    0x08000610   0x08000610   0x0000000c   Code   RO         5722    .text               c_w.l(sys_exit.o)
    0x0800061c   0x0800061c   0x00000002   Code   RO         5741    .text               c_w.l(use_no_semi.o)
    0x0800061e   0x0800061e   0x00000000   Code   RO         5743    .text               c_w.l(indicate_semi.o)
    0x0800061e   0x0800061e   0x00000004   Code   RO          701    i.BusFault_Handler  stm32f4xx_it.o
    0x08000622   0x08000622   0x00000002   PAD
    0x08000624   0x08000624   0x00000010   Code   RO          702    i.CAN1_RX0_IRQHandler  stm32f4xx_it.o
    0x08000634   0x08000634   0x00000010   Code   RO          703    i.CAN1_RX1_IRQHandler  stm32f4xx_it.o
    0x08000644   0x08000644   0x00000010   Code   RO          704    i.CAN1_TX_IRQHandler  stm32f4xx_it.o
    0x08000654   0x08000654   0x00000010   Code   RO          705    i.CAN2_RX0_IRQHandler  stm32f4xx_it.o
    0x08000664   0x08000664   0x00000010   Code   RO          706    i.CAN2_RX1_IRQHandler  stm32f4xx_it.o
    0x08000674   0x08000674   0x00000010   Code   RO          707    i.CAN2_TX_IRQHandler  stm32f4xx_it.o
    0x08000684   0x08000684   0x00000012   Code   RO           13    i.CAN_Queue_Init    zdrive.o
    0x08000696   0x08000696   0x00000002   PAD
    0x08000698   0x08000698   0x00000090   Code   RO           14    i.CAN_Queue_Pop     zdrive.o
    0x08000728   0x08000728   0x00000056   Code   RO           15    i.CAN_Queue_Push    zdrive.o
    0x0800077e   0x0800077e   0x00000002   PAD
    0x08000780   0x08000780   0x00000014   Code   RO          294    i.CLK_reset         valve.o
    0x08000794   0x08000794   0x00000014   Code   RO          295    i.CLK_set           valve.o
    0x080007a8   0x080007a8   0x00000028   Code   RO           18    i.CanCommand        zdrive.o
    0x080007d0   0x080007d0   0x0000002c   Code   RO           19    i.Change_ArrayByte  zdrive.o
    0x080007fc   0x080007fc   0x00000098   Code   RO          882    i.Deal_RXPack       bluetooth.o
    0x08000894   0x08000894   0x00000002   Code   RO          708    i.DebugMon_Handler  stm32f4xx_it.o
    0x08000896   0x08000896   0x000000b8   Code   RO          884    i.Debug_ReceiveMsg  bluetooth.o
    0x0800094e   0x0800094e   0x00000006   Code   RO          348    i.Error_Handler     main.o
    0x08000954   0x08000954   0x0000002a   Code   RO         1912    i.HAL_CAN_ActivateNotification  stm32f4xx_hal_can.o
    0x0800097e   0x0800097e   0x0000014a   Code   RO         1913    i.HAL_CAN_AddTxMessage  stm32f4xx_hal_can.o
    0x08000ac8   0x08000ac8   0x00000120   Code   RO         1914    i.HAL_CAN_ConfigFilter  stm32f4xx_hal_can.o
    0x08000be8   0x08000be8   0x00000002   Code   RO         1917    i.HAL_CAN_ErrorCallback  stm32f4xx_hal_can.o
    0x08000bea   0x08000bea   0x00000194   Code   RO         1920    i.HAL_CAN_GetRxMessage  stm32f4xx_hal_can.o
    0x08000d7e   0x08000d7e   0x0000024e   Code   RO         1924    i.HAL_CAN_IRQHandler  stm32f4xx_hal_can.o
    0x08000fcc   0x08000fcc   0x00000174   Code   RO         1925    i.HAL_CAN_Init      stm32f4xx_hal_can.o
    0x08001140   0x08001140   0x000001a4   Code   RO          563    i.HAL_CAN_MspInit   can.o
    0x080012e4   0x080012e4   0x00000002   Code   RO         1932    i.HAL_CAN_RxFifo0FullCallback  stm32f4xx_hal_can.o
    0x080012e6   0x080012e6   0x00000002   PAD
    0x080012e8   0x080012e8   0x00000038   Code   RO          349    i.HAL_CAN_RxFifo0MsgPendingCallback  main.o
    0x08001320   0x08001320   0x00000002   Code   RO         1934    i.HAL_CAN_RxFifo1FullCallback  stm32f4xx_hal_can.o
    0x08001322   0x08001322   0x00000002   PAD
    0x08001324   0x08001324   0x00000038   Code   RO          350    i.HAL_CAN_RxFifo1MsgPendingCallback  main.o
    0x0800135c   0x0800135c   0x00000002   Code   RO         1936    i.HAL_CAN_SleepCallback  stm32f4xx_hal_can.o
    0x0800135e   0x0800135e   0x0000005e   Code   RO         1937    i.HAL_CAN_Start     stm32f4xx_hal_can.o
    0x080013bc   0x080013bc   0x00000002   Code   RO         1939    i.HAL_CAN_TxMailbox0AbortCallback  stm32f4xx_hal_can.o
    0x080013be   0x080013be   0x00000002   Code   RO         1940    i.HAL_CAN_TxMailbox0CompleteCallback  stm32f4xx_hal_can.o
    0x080013c0   0x080013c0   0x00000002   Code   RO         1941    i.HAL_CAN_TxMailbox1AbortCallback  stm32f4xx_hal_can.o
    0x080013c2   0x080013c2   0x00000002   Code   RO         1942    i.HAL_CAN_TxMailbox1CompleteCallback  stm32f4xx_hal_can.o
    0x080013c4   0x080013c4   0x00000002   Code   RO         1943    i.HAL_CAN_TxMailbox2AbortCallback  stm32f4xx_hal_can.o
    0x080013c6   0x080013c6   0x00000002   Code   RO         1944    i.HAL_CAN_TxMailbox2CompleteCallback  stm32f4xx_hal_can.o
    0x080013c8   0x080013c8   0x00000002   Code   RO         1946    i.HAL_CAN_WakeUpFromRxMsgCallback  stm32f4xx_hal_can.o
    0x080013ca   0x080013ca   0x000000ac   Code   RO         2652    i.HAL_DMA_Abort     stm32f4xx_hal_dma.o
    0x08001476   0x08001476   0x00000028   Code   RO         2653    i.HAL_DMA_Abort_IT  stm32f4xx_hal_dma.o
    0x0800149e   0x0800149e   0x00000002   PAD
    0x080014a0   0x080014a0   0x00000028   Code   RO         3094    i.HAL_Delay         stm32f4xx_hal.o
    0x080014c8   0x080014c8   0x000001f4   Code   RO         2545    i.HAL_GPIO_Init     stm32f4xx_hal_gpio.o
    0x080016bc   0x080016bc   0x0000000c   Code   RO         2549    i.HAL_GPIO_WritePin  stm32f4xx_hal_gpio.o
    0x080016c8   0x080016c8   0x0000000c   Code   RO         3100    i.HAL_GetTick       stm32f4xx_hal.o
    0x080016d4   0x080016d4   0x00000018   Code   RO         3106    i.HAL_IncTick       stm32f4xx_hal.o
    0x080016ec   0x080016ec   0x0000003c   Code   RO         3107    i.HAL_Init          stm32f4xx_hal.o
    0x08001728   0x08001728   0x000000a0   Code   RO          843    i.HAL_InitTick      stm32f4xx_hal_timebase_tim.o
    0x080017c8   0x080017c8   0x00000054   Code   RO          819    i.HAL_MspInit       stm32f4xx_hal_msp.o
    0x0800181c   0x0800181c   0x00000028   Code   RO         2937    i.HAL_NVIC_EnableIRQ  stm32f4xx_hal_cortex.o
    0x08001844   0x08001844   0x0000007c   Code   RO         2943    i.HAL_NVIC_SetPriority  stm32f4xx_hal_cortex.o
    0x080018c0   0x080018c0   0x00000028   Code   RO         2944    i.HAL_NVIC_SetPriorityGrouping  stm32f4xx_hal_cortex.o
    0x080018e8   0x080018e8   0x00000184   Code   RO         2146    i.HAL_RCC_ClockConfig  stm32f4xx_hal_rcc.o
    0x08001a6c   0x08001a6c   0x00000044   Code   RO         2150    i.HAL_RCC_GetClockConfig  stm32f4xx_hal_rcc.o
    0x08001ab0   0x08001ab0   0x0000000c   Code   RO         2151    i.HAL_RCC_GetHCLKFreq  stm32f4xx_hal_rcc.o
    0x08001abc   0x08001abc   0x00000020   Code   RO         2153    i.HAL_RCC_GetPCLK1Freq  stm32f4xx_hal_rcc.o
    0x08001adc   0x08001adc   0x00000020   Code   RO         2154    i.HAL_RCC_GetPCLK2Freq  stm32f4xx_hal_rcc.o
    0x08001afc   0x08001afc   0x000000b0   Code   RO         2155    i.HAL_RCC_GetSysClockFreq  stm32f4xx_hal_rcc.o
    0x08001bac   0x08001bac   0x0000049c   Code   RO         2158    i.HAL_RCC_OscConfig  stm32f4xx_hal_rcc.o
    0x08002048   0x08002048   0x00000002   Code   RO         1644    i.HAL_TIMEx_BreakCallback  stm32f4xx_hal_tim_ex.o
    0x0800204a   0x0800204a   0x00000002   Code   RO         1645    i.HAL_TIMEx_CommutCallback  stm32f4xx_hal_tim_ex.o
    0x0800204c   0x0800204c   0x000000b4   Code   RO         1663    i.HAL_TIMEx_MasterConfigSynchronization  stm32f4xx_hal_tim_ex.o
    0x08002100   0x08002100   0x00000066   Code   RO          929    i.HAL_TIM_Base_Init  stm32f4xx_hal_tim.o
    0x08002166   0x08002166   0x00000002   PAD
    0x08002168   0x08002168   0x00000080   Code   RO          612    i.HAL_TIM_Base_MspInit  tim.o
    0x080021e8   0x080021e8   0x000000a8   Code   RO          934    i.HAL_TIM_Base_Start_IT  stm32f4xx_hal_tim.o
    0x08002290   0x08002290   0x0000010c   Code   RO          938    i.HAL_TIM_ConfigClockSource  stm32f4xx_hal_tim.o
    0x0800239c   0x0800239c   0x00000002   Code   RO          963    i.HAL_TIM_IC_CaptureCallback  stm32f4xx_hal_tim.o
    0x0800239e   0x0800239e   0x0000016c   Code   RO          977    i.HAL_TIM_IRQHandler  stm32f4xx_hal_tim.o
    0x0800250a   0x0800250a   0x00000002   Code   RO          980    i.HAL_TIM_OC_DelayElapsedCallback  stm32f4xx_hal_tim.o
    0x0800250c   0x0800250c   0x00000002   Code   RO         1007    i.HAL_TIM_PWM_PulseFinishedCallback  stm32f4xx_hal_tim.o
    0x0800250e   0x0800250e   0x00000002   PAD
    0x08002510   0x08002510   0x00000038   Code   RO          351    i.HAL_TIM_PeriodElapsedCallback  main.o
    0x08002548   0x08002548   0x00000002   Code   RO         1020    i.HAL_TIM_TriggerCallback  stm32f4xx_hal_tim.o
    0x0800254a   0x0800254a   0x00000002   Code   RO         3357    i.HAL_UARTEx_RxEventCallback  stm32f4xx_hal_uart.o
    0x0800254c   0x0800254c   0x00000002   Code   RO         3371    i.HAL_UART_ErrorCallback  stm32f4xx_hal_uart.o
    0x0800254e   0x0800254e   0x00000002   PAD
    0x08002550   0x08002550   0x00000308   Code   RO         3374    i.HAL_UART_IRQHandler  stm32f4xx_hal_uart.o
    0x08002858   0x08002858   0x00000076   Code   RO         3375    i.HAL_UART_Init     stm32f4xx_hal_uart.o
    0x080028ce   0x080028ce   0x00000002   PAD
    0x080028d0   0x080028d0   0x000000b4   Code   RO          660    i.HAL_UART_MspInit  usart.o
    0x08002984   0x08002984   0x0000002c   Code   RO         3380    i.HAL_UART_Receive_IT  stm32f4xx_hal_uart.o
    0x080029b0   0x080029b0   0x00000034   Code   RO          352    i.HAL_UART_RxCpltCallback  main.o
    0x080029e4   0x080029e4   0x00000002   Code   RO         3386    i.HAL_UART_TxCpltCallback  stm32f4xx_hal_uart.o
    0x080029e6   0x080029e6   0x00000004   Code   RO          709    i.HardFault_Handler  stm32f4xx_it.o
    0x080029ea   0x080029ea   0x00000002   PAD
    0x080029ec   0x080029ec   0x00000098   Code   RO          564    i.MX_CAN1_Init      can.o
    0x08002a84   0x08002a84   0x00000120   Code   RO          565    i.MX_CAN2_Init      can.o
    0x08002ba4   0x08002ba4   0x00000054   Code   RO          488    i.MX_FREERTOS_Init  freertos.o
    0x08002bf8   0x08002bf8   0x00000098   Code   RO          464    i.MX_GPIO_Init      gpio.o
    0x08002c90   0x08002c90   0x00000078   Code   RO          613    i.MX_TIM2_Init      tim.o
    0x08002d08   0x08002d08   0x00000078   Code   RO          614    i.MX_TIM3_Init      tim.o
    0x08002d80   0x08002d80   0x00000038   Code   RO          661    i.MX_USART2_UART_Init  usart.o
    0x08002db8   0x08002db8   0x00000004   Code   RO          710    i.MemManage_Handler  stm32f4xx_it.o
    0x08002dbc   0x08002dbc   0x00000004   Code   RO          711    i.NMI_Handler       stm32f4xx_it.o
    0x08002dc0   0x08002dc0   0x00000014   Code   RO          296    i.SI_reset          valve.o
    0x08002dd4   0x08002dd4   0x00000014   Code   RO          297    i.SI_set            valve.o
    0x08002de8   0x08002de8   0x00000016   Code   RO         4927    i.SysTick_Handler   cmsis_os2.o
    0x08002dfe   0x08002dfe   0x00000002   PAD
    0x08002e00   0x08002e00   0x000000b4   Code   RO          353    i.SystemClock_Config  main.o
    0x08002eb4   0x08002eb4   0x00000014   Code   RO         3719    i.SystemInit        system_stm32f4xx.o
    0x08002ec8   0x08002ec8   0x00000010   Code   RO          712    i.TIM1_UP_TIM10_IRQHandler  stm32f4xx_it.o
    0x08002ed8   0x08002ed8   0x00000010   Code   RO          713    i.TIM2_IRQHandler   stm32f4xx_it.o
    0x08002ee8   0x08002ee8   0x00000010   Code   RO          714    i.TIM3_IRQHandler   stm32f4xx_it.o
    0x08002ef8   0x08002ef8   0x000000e0   Code   RO         1022    i.TIM_Base_SetConfig  stm32f4xx_hal_tim.o
    0x08002fd8   0x08002fd8   0x00000016   Code   RO         1033    i.TIM_ETR_SetConfig  stm32f4xx_hal_tim.o
    0x08002fee   0x08002fee   0x00000012   Code   RO         1034    i.TIM_ITRx_SetConfig  stm32f4xx_hal_tim.o
    0x08003000   0x08003000   0x00000026   Code   RO         1040    i.TIM_TI1_ConfigInputStage  stm32f4xx_hal_tim.o
    0x08003026   0x08003026   0x00000028   Code   RO         1042    i.TIM_TI2_ConfigInputStage  stm32f4xx_hal_tim.o
    0x0800304e   0x0800304e   0x00000012   Code   RO         3388    i.UART_DMAAbortOnError  stm32f4xx_hal_uart.o
    0x08003060   0x08003060   0x0000006c   Code   RO         3398    i.UART_EndRxTransfer  stm32f4xx_hal_uart.o
    0x080030cc   0x080030cc   0x00000020   Code   RO         3399    i.UART_EndTransmit_IT  stm32f4xx_hal_uart.o
    0x080030ec   0x080030ec   0x000000fc   Code   RO         3401    i.UART_Receive_IT   stm32f4xx_hal_uart.o
    0x080031e8   0x080031e8   0x0000022c   Code   RO         3402    i.UART_SetConfig    stm32f4xx_hal_uart.o
    0x08003414   0x08003414   0x00000040   Code   RO         3404    i.UART_Start_Receive_IT  stm32f4xx_hal_uart.o
    0x08003454   0x08003454   0x00000060   Code   RO         3405    i.UART_Transmit_IT  stm32f4xx_hal_uart.o
    0x080034b4   0x080034b4   0x00000010   Code   RO          715    i.USART2_IRQHandler  stm32f4xx_it.o
    0x080034c4   0x080034c4   0x00000004   Code   RO          716    i.UsageFault_Handler  stm32f4xx_it.o
    0x080034c8   0x080034c8   0x00000038   Code   RO           20    i.ZDrive_Ask        zdrive.o
    0x08003500   0x08003500   0x000002b8   Code   RO           21    i.ZDrive_Func       zdrive.o
    0x080037b8   0x080037b8   0x00000148   Code   RO           22    i.ZDrive_Init       zdrive.o
    0x08003900   0x08003900   0x000001a8   Code   RO           23    i.ZDrive_ReceiveHandler  zdrive.o
    0x08003aa8   0x08003aa8   0x0000012c   Code   RO           24    i.ZDrive_Set        zdrive.o
    0x08003bd4   0x08003bd4   0x00000010   Code   RO         2950    i.__NVIC_GetPriorityGrouping  stm32f4xx_hal_cortex.o
    0x08003be4   0x08003be4   0x00000028   Code   RO         2951    i.__NVIC_SetPriority  stm32f4xx_hal_cortex.o
    0x08003c0c   0x08003c0c   0x00000006   Code   RO         4929    i.__get_IPSR        cmsis_os2.o
    0x08003c12   0x08003c12   0x00000002   PAD
    0x08003c14   0x08003c14   0x00000124   Code   RO          489    i.dj                freertos.o
    0x08003d38   0x08003d38   0x00000140   Code   RO          490    i.is_get_enrygy     freertos.o
    0x08003e78   0x08003e78   0x00000024   Code   RO          491    i.launch            freertos.o
    0x08003e9c   0x08003e9c   0x00000058   Code   RO          354    i.main              main.o
    0x08003ef4   0x08003ef4   0x0000001e   Code   RO         4930    i.osDelay           cmsis_os2.o
    0x08003f12   0x08003f12   0x00000002   PAD
    0x08003f14   0x08003f14   0x0000002c   Code   RO         4944    i.osKernelInitialize  cmsis_os2.o
    0x08003f40   0x08003f40   0x00000060   Code   RO         4947    i.osKernelStart     cmsis_os2.o
    0x08003fa0   0x08003fa0   0x000000b8   Code   RO         4989    i.osThreadNew       cmsis_os2.o
    0x08004058   0x08004058   0x0000007c   Code   RO         4364    i.prvAddCurrentTaskToDelayedList  tasks.o
    0x080040d4   0x080040d4   0x000000b8   Code   RO         4365    i.prvAddNewTaskToReadyList  tasks.o
    0x0800418c   0x0800418c   0x00000074   Code   RO         4740    i.prvCheckForValidListAndQueue  timers.o
    0x08004200   0x08004200   0x00000048   Code   RO         4366    i.prvCheckTasksWaitingTermination  tasks.o
    0x08004248   0x08004248   0x0000002a   Code   RO         3951    i.prvCopyDataFromQueue  queue.o
    0x08004272   0x08004272   0x0000007e   Code   RO         3952    i.prvCopyDataToQueue  queue.o
    0x080042f0   0x080042f0   0x00000050   Code   RO         4367    i.prvDeleteTCB      tasks.o
    0x08004340   0x08004340   0x00000028   Code   RO         4741    i.prvGetNextExpireTime  timers.o
    0x08004368   0x08004368   0x0000007c   Code   RO         5478    i.prvHeapInit       heap_4.o
    0x080043e4   0x080043e4   0x00000028   Code   RO         4368    i.prvIdleTask       tasks.o
    0x0800440c   0x0800440c   0x0000002a   Code   RO         3955    i.prvInitialiseNewQueue  queue.o
    0x08004436   0x08004436   0x000000be   Code   RO         4369    i.prvInitialiseNewTask  tasks.o
    0x080044f4   0x080044f4   0x00000068   Code   RO         4370    i.prvInitialiseTaskLists  tasks.o
    0x0800455c   0x0800455c   0x00000068   Code   RO         5479    i.prvInsertBlockIntoFreeList  heap_4.o
    0x080045c4   0x080045c4   0x00000058   Code   RO         4743    i.prvInsertTimerInActiveList  timers.o
    0x0800461c   0x0800461c   0x0000001a   Code   RO         3956    i.prvIsQueueEmpty   queue.o
    0x08004636   0x08004636   0x0000001e   Code   RO         3957    i.prvIsQueueFull    queue.o
    0x08004654   0x08004654   0x00000074   Code   RO         4744    i.prvProcessExpiredTimer  timers.o
    0x080046c8   0x080046c8   0x00000164   Code   RO         4745    i.prvProcessReceivedCommands  timers.o
    0x0800482c   0x0800482c   0x00000074   Code   RO         4746    i.prvProcessTimerOrBlockTask  timers.o
    0x080048a0   0x080048a0   0x00000034   Code   RO         4372    i.prvResetNextTaskUnblockTime  tasks.o
    0x080048d4   0x080048d4   0x0000002c   Code   RO         4747    i.prvSampleTimeNow  timers.o
    0x08004900   0x08004900   0x000000a4   Code   RO         4748    i.prvSwitchTimerLists  timers.o
    0x080049a4   0x080049a4   0x00000040   Code   RO         5534    i.prvTaskExitError  port.o
    0x080049e4   0x080049e4   0x0000001a   Code   RO         4749    i.prvTimerTask      timers.o
    0x080049fe   0x080049fe   0x0000007e   Code   RO         3958    i.prvUnlockQueue    queue.o
    0x08004a7c   0x08004a7c   0x00000154   Code   RO         5480    i.pvPortMalloc      heap_4.o
    0x08004bd0   0x08004bd0   0x0000002c   Code   RO         5535    i.pxPortInitialiseStack  port.o
    0x08004bfc   0x08004bfc   0x00000058   Code   RO          298    i.radiotube         valve.o
    0x08004c54   0x08004c54   0x00000028   Code   RO         3911    i.uxListRemove      list.o
    0x08004c7c   0x08004c7c   0x00000018   Code   RO         5001    i.vApplicationGetIdleTaskMemory  cmsis_os2.o
    0x08004c94   0x08004c94   0x00000018   Code   RO         5002    i.vApplicationGetTimerTaskMemory  cmsis_os2.o
    0x08004cac   0x08004cac   0x00000002   Code   RO          492    i.vApplicationMallocFailedHook  freertos.o
    0x08004cae   0x08004cae   0x00000002   Code   RO          493    i.vApplicationStackOverflowHook  freertos.o
    0x08004cb0   0x08004cb0   0x0000001a   Code   RO         3912    i.vListInitialise   list.o
    0x08004cca   0x08004cca   0x00000006   Code   RO         3913    i.vListInitialiseItem  list.o
    0x08004cd0   0x08004cd0   0x00000034   Code   RO         3914    i.vListInsert       list.o
    0x08004d04   0x08004d04   0x00000018   Code   RO         3915    i.vListInsertEnd    list.o
    0x08004d1c   0x08004d1c   0x00000054   Code   RO         5537    i.vPortEnterCritical  port.o
    0x08004d70   0x08004d70   0x0000003c   Code   RO         5538    i.vPortExitCritical  port.o
    0x08004dac   0x08004dac   0x000000a4   Code   RO         5481    i.vPortFree         heap_4.o
    0x08004e50   0x08004e50   0x00000028   Code   RO         5539    i.vPortSetupTimerInterrupt  port.o
    0x08004e78   0x08004e78   0x00000078   Code   RO         5540    i.vPortValidateInterruptPriority  port.o
    0x08004ef0   0x08004ef0   0x0000002c   Code   RO         3964    i.vQueueAddToRegistry  queue.o
    0x08004f1c   0x08004f1c   0x0000004a   Code   RO         3968    i.vQueueWaitForMessageRestricted  queue.o
    0x08004f66   0x08004f66   0x00000002   PAD
    0x08004f68   0x08004f68   0x0000005c   Code   RO         4385    i.vTaskDelay        tasks.o
    0x08004fc4   0x08004fc4   0x00000018   Code   RO         4390    i.vTaskInternalSetTimeOutState  tasks.o
    0x08004fdc   0x08004fdc   0x0000000c   Code   RO         4391    i.vTaskMissedYield  tasks.o
    0x08004fe8   0x08004fe8   0x00000038   Code   RO         4393    i.vTaskPlaceOnEventList  tasks.o
    0x08005020   0x08005020   0x00000040   Code   RO         4394    i.vTaskPlaceOnEventListRestricted  tasks.o
    0x08005060   0x08005060   0x000000b8   Code   RO         4402    i.vTaskStartScheduler  tasks.o
    0x08005118   0x08005118   0x00000010   Code   RO         4404    i.vTaskSuspendAll   tasks.o
    0x08005128   0x08005128   0x000000c8   Code   RO         4405    i.vTaskSwitchContext  tasks.o
    0x080051f0   0x080051f0   0x00000168   Code   RO         5541    i.xPortStartScheduler  port.o
    0x08005358   0x08005358   0x00000034   Code   RO         5542    i.xPortSysTickHandler  port.o
    0x0800538c   0x0800538c   0x000000e0   Code   RO         3974    i.xQueueGenericCreateStatic  queue.o
    0x0800546c   0x0800546c   0x00000098   Code   RO         3975    i.xQueueGenericReset  queue.o
    0x08005504   0x08005504   0x000001a8   Code   RO         3976    i.xQueueGenericSend  queue.o
    0x080056ac   0x080056ac   0x000000fc   Code   RO         3977    i.xQueueGenericSendFromISR  queue.o
    0x080057a8   0x080057a8   0x00000168   Code   RO         3986    i.xQueueReceive     queue.o
    0x08005910   0x08005910   0x0000008c   Code   RO         4407    i.xTaskCheckForTimeOut  tasks.o
    0x0800599c   0x0800599c   0x00000064   Code   RO         4408    i.xTaskCreate       tasks.o
    0x08005a00   0x08005a00   0x000000ba   Code   RO         4409    i.xTaskCreateStatic  tasks.o
    0x08005aba   0x08005aba   0x00000002   PAD
    0x08005abc   0x08005abc   0x00000020   Code   RO         4413    i.xTaskGetSchedulerState  tasks.o
    0x08005adc   0x08005adc   0x0000000c   Code   RO         4414    i.xTaskGetTickCount  tasks.o
    0x08005ae8   0x08005ae8   0x00000144   Code   RO         4416    i.xTaskIncrementTick  tasks.o
    0x08005c2c   0x08005c2c   0x000000a4   Code   RO         4419    i.xTaskPriorityDisinherit  tasks.o
    0x08005cd0   0x08005cd0   0x00000098   Code   RO         4421    i.xTaskRemoveFromEventList  tasks.o
    0x08005d68   0x08005d68   0x00000104   Code   RO         4422    i.xTaskResumeAll    tasks.o
    0x08005e6c   0x08005e6c   0x00000078   Code   RO         4758    i.xTimerCreateTimerTask  timers.o
    0x08005ee4   0x08005ee4   0x00000084   Code   RO         4759    i.xTimerGenericCommand  timers.o
    0x08005f68   0x08005f68   0x0000000a   Code   RO         5737    x$fpl$fpinit        fz_wm.l(fpinit.o)
    0x08005f72   0x08005f72   0x00000002   PAD
    0x08005f74   0x08005f74   0x00000084   Data   RO          494    .constdata          freertos.o
    0x08005ff8   0x08005ff8   0x00000018   Data   RO         3720    .constdata          system_stm32f4xx.o
    0x08006010   0x08006010   0x00000024   Data   RO          495    .conststring        freertos.o
    0x08006034   0x08006034   0x00000020   Data   RO         5793    Region$$Table       anon$$obj.o


    Execution Region RW_IRAM1 (Exec base: 0x20000000, Load base: 0x08006054, Size: 0x00006e28, Max: 0x0001c000, ABSOLUTE)

    Exec Addr    Load Addr    Size         Type   Attr      Idx    E Section Name        Object

    0x20000000   0x08006054   0x00000012   Data   RW           26    .data               zdrive.o
    0x20000012   0x08006066   0x00000001   Data   RW          355    .data               main.o
    0x20000013   0x08006067   0x00000001   PAD
    0x20000014   0x08006068   0x00000018   Data   RW          496    .data               freertos.o
    0x2000002c   0x08006080   0x00000004   Data   RW          567    .data               can.o
    0x20000030   0x08006084   0x00000009   Data   RW         3114    .data               stm32f4xx_hal.o
    0x20000039   0x0800608d   0x00000003   PAD
    0x2000003c   0x08006090   0x00000004   Data   RW         3721    .data               system_stm32f4xx.o
    0x20000040   0x08006094   0x0000003c   Data   RW         4425    .data               tasks.o
    0x2000007c   0x080060d0   0x00000014   Data   RW         4767    .data               timers.o
    0x20000090   0x080060e4   0x00000004   Data   RW         5006    .data               cmsis_os2.o
    0x20000094   0x080060e8   0x00000020   Data   RW         5487    .data               heap_4.o
    0x200000b4   0x08006108   0x0000000c   Data   RW         5543    .data               port.o
    0x200000c0        -       0x00001e38   Zero   RW           25    .bss                zdrive.o
    0x20001ef8        -       0x00000050   Zero   RW          566    .bss                can.o
    0x20001f48        -       0x00000090   Zero   RW          615    .bss                tim.o
    0x20001fd8        -       0x00000048   Zero   RW          662    .bss                usart.o
    0x20002020        -       0x00000048   Zero   RW          846    .bss                stm32f4xx_hal_timebase_tim.o
    0x20002068        -       0x00000180   Zero   RW          885    .bss                bluetooth.o
    0x200021e8        -       0x00000040   Zero   RW         3990    .bss                queue.o
    0x20002228        -       0x000004c4   Zero   RW         4424    .bss                tasks.o
    0x200026ec        -       0x00000118   Zero   RW         4766    .bss                timers.o
    0x20002804        -       0x000003c0   Zero   RW         5005    .bss                cmsis_os2.o
    0x20002bc4        -       0x00003c00   Zero   RW         5486    .bss                heap_4.o
    0x200067c4        -       0x00000060   Zero   RW         5667    .bss                c_w.l(libspace.o)
    0x20006824   0x08006114   0x00000004   PAD
    0x20006828        -       0x00000200   Zero   RW            2    HEAP                startup_stm32f405xx.o
    0x20006a28        -       0x00000400   Zero   RW            1    STACK               startup_stm32f405xx.o


    Execution Region RW_IRAM2 (Exec base: 0x2001c000, Load base: 0x08006114, Size: 0x00000000, Max: 0x00004000, ABSOLUTE)

    **** No section assigned to this execution region ****


==============================================================================

Image component sizes


      Code (inc. data)   RO Data    RW Data    ZI Data      Debug   Object Name

       336          6          0          0        384       3743   bluetooth.o
       860         46          0          4         80       2866   can.o
       430         40          0          4        960      67415   cmsis_os2.o
         0          0          0          0          0       7012   croutine.o
         0          0          0          0          0      19320   event_groups.o
       736        104        168         24          0      35113   freertos.o
       152          8          0          0          0        923   gpio.o
       732         72          0         32      15360       4807   heap_4.o
       148          0          0          0          0       3490   list.o
       494         76          0          1          0      18527   main.o
      1014         92          0         12          0      11545   port.o
      1922         20          0          0         64      17212   queue.o
        64         26        392          0       1536        836   startup_stm32f405xx.o
       136         24          0          9          0       8702   stm32f4xx_hal.o
      2142          4          0          0          0      13739   stm32f4xx_hal_can.o
       260         22          0          0          0      33538   stm32f4xx_hal_cortex.o
       212          0          0          0          0       1943   stm32f4xx_hal_dma.o
       512         46          0          0          0       2104   stm32f4xx_hal_gpio.o
        84          6          0          0          0        854   stm32f4xx_hal_msp.o
      1888         94          0          0          0       6261   stm32f4xx_hal_rcc.o
      1252         76          0          0          0       9787   stm32f4xx_hal_tim.o
       184         30          0          0          0       2517   stm32f4xx_hal_tim_ex.o
       160         20          0          0         72       1427   stm32f4xx_hal_timebase_tim.o
      2070         14          0          0          0      10496   stm32f4xx_hal_uart.o
       182         60          0          0          0       7762   stm32f4xx_it.o
         0          0          0          0          0        384   stream_buffer.o
        20          6         24          4          0       1123   system_stm32f4xx.o
      2864        346          0         60       1220      27234   tasks.o
       368         22          0          0        144       2403   tim.o
      1318        124          0         20        280      32567   timers.o
       236         24          0          0         72       1718   usart.o
       168         20          0          0          0       2506   valve.o
      2136         68          0         18       7736     662993   zdrive.o

    ----------------------------------------------------------------------
     23114       1496        616        192      27908    1022867   Object Totals
         0          0         32          0          0          0   (incl. Generated)
        34          0          0          4          0          0   (incl. Padding)

    ----------------------------------------------------------------------

      Code (inc. data)   RO Data    RW Data    ZI Data      Debug   Library Member Name

         8          0          0          0          0         68   __main.o
         0          0          0          0          0          0   __rtentry.o
        12          0          0          0          0          0   __rtentry2.o
         6          0          0          0          0          0   __rtentry4.o
        52          8          0          0          0          0   __scatter.o
        26          0          0          0          0          0   __scatter_copy.o
        28          0          0          0          0          0   __scatter_zi.o
        16          0          0          0          0         68   aeabi_memset.o
        18          0          0          0          0         80   exit.o
         6          0          0          0          0        152   heapauxi.o
         0          0          0          0          0          0   indicate_semi.o
         2          0          0          0          0          0   libinit.o
         6          0          0          0          0          0   libinit2.o
         2          0          0          0          0          0   libshutdown.o
         2          0          0          0          0          0   libshutdown2.o
         8          4          0          0         96         68   libspace.o
       238          0          0          0          0        100   lludivv7m.o
        68          0          0          0          0         68   rt_memclr.o
        78          0          0          0          0         80   rt_memclr_w.o
       138          0          0          0          0         68   rt_memcpy_v6.o
       100          0          0          0          0         80   rt_memcpy_w.o
         2          0          0          0          0          0   rtexit.o
        10          0          0          0          0          0   rtexit2.o
        12          4          0          0          0         68   sys_exit.o
        74          0          0          0          0         80   sys_stackheap_outer.o
         2          0          0          0          0         68   use_no_semi.o
        10          0          0          0          0        116   fpinit.o

    ----------------------------------------------------------------------
       930         16          0          0        100       1164   Library Totals
         6          0          0          0          4          0   (incl. Padding)

    ----------------------------------------------------------------------

      Code (inc. data)   RO Data    RW Data    ZI Data      Debug   Library Name

       914         16          0          0         96       1048   c_w.l
        10          0          0          0          0        116   fz_wm.l

    ----------------------------------------------------------------------
       930         16          0          0        100       1164   Library Totals

    ----------------------------------------------------------------------

==============================================================================


      Code (inc. data)   RO Data    RW Data    ZI Data      Debug   

     24044       1512        616        192      28008    1004263   Grand Totals
     24044       1512        616        192      28008    1004263   ELF Image Totals
     24044       1512        616        192          0          0   ROM Totals

==============================================================================

    Total RO  Size (Code + RO Data)                24660 (  24.08kB)
    Total RW  Size (RW Data + ZI Data)             28200 (  27.54kB)
    Total ROM Size (Code + RO Data + RW Data)      24852 (  24.27kB)

==============================================================================

